Component: ARM Compiler 5.06 update 5 (build 528) Tool: armlink [4d35e2]

==============================================================================

Section Cross References

    main.o(i.BFTM1_IRQHandler) refers to ht32f5xxxx_bftm.o(i.BFTM_GetFlagStatus) for BFTM_GetFlagStatus
    main.o(i.BFTM1_IRQHandler) refers to multi_button.o(i.button_ticks) for button_ticks
    main.o(i.BFTM1_IRQHandler) refers to ht32f5xxxx_gpio.o(i.GPIO_SetOutBits) for GPIO_SetOutBits
    main.o(i.BFTM1_IRQHandler) refers to ht32f5xxxx_gpio.o(i.GPIO_ClearOutBits) for GPIO_ClearOutBits
    main.o(i.BFTM1_IRQHandler) refers to ht32f5xxxx_bftm.o(i.BFTM_ClearFlag) for BFTM_ClearFlag
    main.o(i.BFTM1_IRQHandler) refers to main.o(.data) for .data
    main.o(i.BTN1_PRESS_DOWN_Handler) refers to usart.o(i.USART_Printf) for USART_Printf
    main.o(i.BTN1_PRESS_DOWN_Handler) refers to ht32f5xxxx_gpio.o(i.GPIO_SetOutBits) for GPIO_SetOutBits
    main.o(i.BTN1_PRESS_DOWN_Handler) refers to buzzer.o(i.Buzzer_on) for Buzzer_on
    main.o(i.BTN2_PRESS_DOWN_Handler) refers to usart.o(i.USART_Printf) for USART_Printf
    main.o(i.BTN2_PRESS_DOWN_Handler) refers to ht32f5xxxx_gpio.o(i.GPIO_ClearOutBits) for GPIO_ClearOutBits
    main.o(i.BTN2_PRESS_DOWN_Handler) refers to buzzer.o(i.Buzzer_on) for Buzzer_on
    main.o(i.BTN2_PRESS_DOWN_Handler) refers to main.o(.data) for .data
    main.o(i.BTN3_LONG_PRESS_START_Handler) refers to usart.o(i.USART_Printf) for USART_Printf
    main.o(i.BTN3_LONG_PRESS_START_Handler) refers to oled.o(i.OLED_Clear) for OLED_Clear
    main.o(i.BTN3_LONG_PRESS_START_Handler) refers to oled.o(i.OLED_turn) for OLED_turn
    main.o(i.BTN3_LONG_PRESS_START_Handler) refers to buzzer.o(i.Buzzer_on) for Buzzer_on
    main.o(i.BTN3_LONG_PRESS_START_Handler) refers to delay.o(i.delay_ms) for delay_ms
    main.o(i.Button_ALL_Init) refers to multi_button.o(i.button_init) for button_init
    main.o(i.Button_ALL_Init) refers to multi_button.o(i.button_attach) for button_attach
    main.o(i.Button_ALL_Init) refers to multi_button.o(i.button_start) for button_start
    main.o(i.Button_ALL_Init) refers to main.o(i.read_button_pin) for read_button_pin
    main.o(i.Button_ALL_Init) refers to main.o(.bss) for .bss
    main.o(i.Button_ALL_Init) refers to main.o(i.BTN1_PRESS_DOWN_Handler) for BTN1_PRESS_DOWN_Handler
    main.o(i.Button_ALL_Init) refers to main.o(i.BTN2_PRESS_DOWN_Handler) for BTN2_PRESS_DOWN_Handler
    main.o(i.Button_ALL_Init) refers to main.o(i.BTN3_LONG_PRESS_START_Handler) for BTN3_LONG_PRESS_START_Handler
    main.o(i.OLED_Show) refers to uidiv.o(.text) for __aeabi_uidivmod
    main.o(i.OLED_Show) refers to printfa.o(i.__0sprintf) for __2sprintf
    main.o(i.OLED_Show) refers to oled.o(i.OLED_ShowString) for OLED_ShowString
    main.o(i.OLED_Show) refers to ffixui.o(.text) for __aeabi_f2uiz
    main.o(i.OLED_Show) refers to oled.o(i.OLED_ShowNum) for OLED_ShowNum
    main.o(i.OLED_Show) refers to oled.o(i.OLED_Print) for OLED_Print
    main.o(i.OLED_Show) refers to main.o(.data) for .data
    main.o(i.OLED_Show) refers to dht11.o(.data) for H_L
    main.o(i.OLED_Show) refers to jw01.o(.data) for co2_concentration
    main.o(i.OLED_Show) refers to gps.o(.data) for f_USR1RXSTATUS
    main.o(i.calculate_shake_frequency) refers to ffltui.o(.text) for __aeabi_ui2f
    main.o(i.calculate_shake_frequency) refers to fdiv.o(.text) for __aeabi_fdiv
    main.o(i.calculate_shake_frequency) refers to main.o(.data) for .data
    main.o(i.linaggedeng_Init) refers to ht32f5xxxx_ckcu.o(i.CKCU_PeripClockConfig) for CKCU_PeripClockConfig
    main.o(i.linaggedeng_Init) refers to ht32f5xxxx_gpio.o(i.GPIO_DirectionConfig) for GPIO_DirectionConfig
    main.o(i.linaggedeng_Init) refers to ht32f5xxxx_gpio.o(i.GPIO_InputConfig) for GPIO_InputConfig
    main.o(i.linaggedeng_Init) refers to ht32f5xxxx_gpio.o(i.GPIO_PullResistorConfig) for GPIO_PullResistorConfig
    main.o(i.main) refers to led.o(i.GPIO_Configuration) for GPIO_Configuration
    main.o(i.main) refers to usart.o(i.USART_Configuration) for USART_Configuration
    main.o(i.main) refers to usart.o(i.USART_Printf) for USART_Printf
    main.o(i.main) refers to oled.o(i.OLED_Init) for OLED_Init
    main.o(i.main) refers to dht11.o(i.dou_dht11_init) for dou_dht11_init
    main.o(i.main) refers to key.o(i.Key_Init) for Key_Init
    main.o(i.main) refers to main.o(i.Button_ALL_Init) for Button_ALL_Init
    main.o(i.main) refers to timer.o(i.Timer_Init) for Timer_Init
    main.o(i.main) refers to infrared.o(i.Infrared_Init) for Infrared_Init
    main.o(i.main) refers to shake.o(i.shake_init) for shake_init
    main.o(i.main) refers to main.o(i.linaggedeng_Init) for linaggedeng_Init
    main.o(i.main) refers to fan.o(i.Fan_Init) for Fan_Init
    main.o(i.main) refers to buzzer.o(i.Buzzer_Init) for Buzzer_Init
    main.o(i.main) refers to oled.o(i.OLED_ShowString) for OLED_ShowString
    main.o(i.main) refers to oled.o(i.OLED_Clear) for OLED_Clear
[...]
    ../clib/microlib/string/strlen.c         0x00000000   Number         0  strlen.o ABSOLUTE
    ../clib/microlib/string/strstr.c         0x00000000   Number         0  strstr.o ABSOLUTE
    ../clib/microlib/stubs.s                 0x00000000   Number         0  iusesemip.o ABSOLUTE
    ../clib/microlib/stubs.s                 0x00000000   Number         0  iusefp.o ABSOLUTE
    ../clib/scanf.c                          0x00000000   Number         0  _scanf.o ABSOLUTE
    ../clib/scanf.c                          0x00000000   Number         0  __0sscanf.o ABSOLUTE
    ../clib/scanf.c                          0x00000000   Number         0  _sgetc.o ABSOLUTE
    ../clib/scanf.c                          0x00000000   Number         0  scanf_fp.o ABSOLUTE
    ../clib/scanf.c                          0x00000000   Number         0  scanf_char.o ABSOLUTE
    ../fplib/microlib/d2f.c                  0x00000000   Number         0  d2f.o ABSOLUTE
    ../fplib/microlib/f2d.c                  0x00000000   Number         0  f2d.o ABSOLUTE
    ../fplib/microlib/fpadd.c                0x00000000   Number         0  dadd.o ABSOLUTE
    ../fplib/microlib/fpadd.c                0x00000000   Number         0  fadd.o ABSOLUTE
    ../fplib/microlib/fpdiv.c                0x00000000   Number         0  fdiv.o ABSOLUTE
    ../fplib/microlib/fpdiv.c                0x00000000   Number         0  ddiv.o ABSOLUTE
    ../fplib/microlib/fpepilogue.c           0x00000000   Number         0  fepilogue.o ABSOLUTE
    ../fplib/microlib/fpepilogue.c           0x00000000   Number         0  depilogue.o ABSOLUTE
    ../fplib/microlib/fpfix.c                0x00000000   Number         0  dfixul.o ABSOLUTE
    ../fplib/microlib/fpfix.c                0x00000000   Number         0  ffixui.o ABSOLUTE
    ../fplib/microlib/fpflt.c                0x00000000   Number         0  dfltul.o ABSOLUTE
    ../fplib/microlib/fpflt.c                0x00000000   Number         0  ffltui.o ABSOLUTE
    ../fplib/microlib/fpmul.c                0x00000000   Number         0  dmul.o ABSOLUTE
    ..\Hardware\OLED.c                       0x00000000   Number         0  oled.o ABSOLUTE
    ..\Hardware\buzzer.c                     0x00000000   Number         0  buzzer.o ABSOLUTE
    ..\Hardware\dht11.c                      0x00000000   Number         0  dht11.o ABSOLUTE
    ..\Hardware\fan.c                        0x00000000   Number         0  fan.o ABSOLUTE
    ..\Hardware\gps.c                        0x00000000   Number         0  gps.o ABSOLUTE
    ..\Hardware\gsm.c                        0x00000000   Number         0  gsm.o ABSOLUTE
    ..\Hardware\infrared.c                   0x00000000   Number         0  infrared.o ABSOLUTE
    ..\Hardware\jw01.c                       0x00000000   Number         0  jw01.o ABSOLUTE
    ..\Hardware\key.c                        0x00000000   Number         0  key.o ABSOLUTE
    ..\Hardware\led.c                        0x00000000   Number         0  led.o ABSOLUTE
    ..\Hardware\multi_button\multi_button.c  0x00000000   Number         0  multi_button.o ABSOLUTE
    ..\Hardware\shake.c                      0x00000000   Number         0  shake.o ABSOLUTE
    ..\Hardware\timer.c                      0x00000000   Number         0  timer.o ABSOLUTE
    ..\Hardware\usart.c                      0x00000000   Number         0  usart.o ABSOLUTE
    ..\Libraries\HT32F5xxxx_Driver\src\ht32_cm0plus_misc.c 0x00000000   Number         0  ht32_cm0plus_misc.o ABSOLUTE
    ..\Libraries\HT32F5xxxx_Driver\src\ht32f5xxxx_adc.c 0x00000000   Number         0  ht32f5xxxx_adc.o ABSOLUTE
    ..\Libraries\HT32F5xxxx_Driver\src\ht32f5xxxx_bftm.c 0x00000000   Number         0  ht32f5xxxx_bftm.o ABSOLUTE
    ..\Libraries\HT32F5xxxx_Driver\src\ht32f5xxxx_ckcu.c 0x00000000   Number         0  ht32f5xxxx_ckcu.o ABSOLUTE
    ..\Libraries\HT32F5xxxx_Driver\src\ht32f5xxxx_cmp.c 0x00000000   Number         0  ht32f5xxxx_cmp.o ABSOLUTE
    ..\Libraries\HT32F5xxxx_Driver\src\ht32f5xxxx_crc.c 0x00000000   Number         0  ht32f5xxxx_crc.o ABSOLUTE
    ..\Libraries\HT32F5xxxx_Driver\src\ht32f5xxxx_ebi.c 0x00000000   Number         0  ht32f5xxxx_ebi.o ABSOLUTE
    ..\Libraries\HT32F5xxxx_Driver\src\ht32f5xxxx_exti.c 0x00000000   Number         0  ht32f5xxxx_exti.o ABSOLUTE
    ..\Libraries\HT32F5xxxx_Driver\src\ht32f5xxxx_flash.c 0x00000000   Number         0  ht32f5xxxx_flash.o ABSOLUTE
    ..\Libraries\HT32F5xxxx_Driver\src\ht32f5xxxx_gpio.c 0x00000000   Number         0  ht32f5xxxx_gpio.o ABSOLUTE
    ..\Libraries\HT32F5xxxx_Driver\src\ht32f5xxxx_i2c.c 0x00000000   Number         0  ht32f5xxxx_i2c.o ABSOLUTE
    ..\Libraries\HT32F5xxxx_Driver\src\ht32f5xxxx_i2s.c 0x00000000   Number         0  ht32f5xxxx_i2s.o ABSOLUTE
    ..\Libraries\HT32F5xxxx_Driver\src\ht32f5xxxx_mctm.c 0x00000000   Number         0  ht32f5xxxx_mctm.o ABSOLUTE
    ..\Libraries\HT32F5xxxx_Driver\src\ht32f5xxxx_pdma.c 0x00000000   Number         0  ht32f5xxxx_pdma.o ABSOLUTE
    ..\Libraries\HT32F5xxxx_Driver\src\ht32f5xxxx_pwrcu.c 0x00000000   Number         0  ht32f5xxxx_pwrcu.o ABSOLUTE
    ..\Libraries\HT32F5xxxx_Driver\src\ht32f5xxxx_rstcu.c 0x00000000   Number         0  ht32f5xxxx_rstcu.o ABSOLUTE
    ..\Libraries\HT32F5xxxx_Driver\src\ht32f5xxxx_rtc.c 0x00000000   Number         0  ht32f5xxxx_rtc.o ABSOLUTE
    ..\Libraries\HT32F5xxxx_Driver\src\ht32f5xxxx_sci.c 0x00000000   Number         0  ht32f5xxxx_sci.o ABSOLUTE
    ..\Libraries\HT32F5xxxx_Driver\src\ht32f5xxxx_spi.c 0x00000000   Number         0  ht32f5xxxx_spi.o ABSOLUTE
    ..\Libraries\HT32F5xxxx_Driver\src\ht32f5xxxx_tm.c 0x00000000   Number         0  ht32f5xxxx_tm.o ABSOLUTE
    ..\Libraries\HT32F5xxxx_Driver\src\ht32f5xxxx_usart.c 0x00000000   Number         0  ht32f5xxxx_usart.o ABSOLUTE
    ..\Libraries\HT32F5xxxx_Driver\src\ht32f5xxxx_usbd.c 0x00000000   Number         0  ht32f5xxxx_usbd.o ABSOLUTE
    ..\Libraries\HT32F5xxxx_Driver\src\ht32f5xxxx_wdt.c 0x00000000   Number         0  ht32f5xxxx_wdt.o ABSOLUTE
    ..\Libraries\HT32_USBD_Library\src\ht32_usbd_core.c 0x00000000   Number         0  ht32_usbd_core.o ABSOLUTE
    ..\Libraries\system_ht32f5xxxx_01.c      0x00000000   Number         0  system_ht32f5xxxx_01.o ABSOLUTE
    ..\Listing\ht32_op.s                     0x00000000   Number         0  ht32_op.o ABSOLUTE
    ..\Listing\startup_ht32f5xxxx_01.s       0x00000000   Number         0  startup_ht32f5xxxx_01.o ABSOLUTE
    ..\System\WDT.c                          0x00000000   Number         0  wdt.o ABSOLUTE
    ..\System\delay.c                        0x00000000   Number         0  delay.o ABSOLUTE
    ..\System\sys.c                          0x00000000   Number         0  sys.o ABSOLUTE
    ..\User\ht32f5xxxx_01_it.c               0x00000000   Number         0  ht32f5xxxx_01_it.o ABSOLUTE
    ..\User\main.c                           0x00000000   Number         0  main.o ABSOLUTE
    ..\Utilities\common\ebi_lcd.c            0x00000000   Number         0  ebi_lcd.o ABSOLUTE
    ..\Utilities\common\i2c_eeprom.c         0x00000000   Number         0  i2c_eeprom.o ABSOLUTE
    ..\Utilities\common\spi_flash.c          0x00000000   Number         0  spi_flash.o ABSOLUTE
    ..\Utilities\ht32_board.c                0x00000000   Number         0  ht32_board.o ABSOLUTE
    ..\\Hardware\\OLED.c                     0x00000000   Number         0  oled.o ABSOLUTE
    ..\\Hardware\\buzzer.c                   0x00000000   Number         0  buzzer.o ABSOLUTE
    ..\\Hardware\\dht11.c                    0x00000000   Number         0  dht11.o ABSOLUTE
    ..\\Hardware\\fan.c                      0x00000000   Number         0  fan.o ABSOLUTE
    ..\\Hardware\\gps.c                      0x00000000   Number         0  gps.o ABSOLUTE
    ..\\Hardware\\gsm.c                      0x00000000   Number         0  gsm.o ABSOLUTE
    ..\\Hardware\\infrared.c                 0x00000000   Number         0  infrared.o ABSOLUTE
    ..\\Hardware\\jw01.c                     0x00000000   Number         0  jw01.o ABSOLUTE
    ..\\Hardware\\key.c                      0x00000000   Number         0  key.o ABSOLUTE
    ..\\Hardware\\led.c                      0x00000000   Number         0  led.o ABSOLUTE
    ..\\Hardware\\multi_button\\multi_button.c 0x00000000   Number         0  multi_button.o ABSOLUTE
    ..\\Hardware\\shake.c                    0x00000000   Number         0  shake.o ABSOLUTE
    ..\\Hardware\\timer.c                    0x00000000   Number         0  timer.o ABSOLUTE
    ..\\Hardware\\usart.c                    0x00000000   Number         0  usart.o ABSOLUTE
    ..\\Libraries\\HT32F5xxxx_Driver\\src\\ht32_cm0plus_misc.c 0x00000000   Number         0  ht32_cm0plus_misc.o ABSOLUTE
    ..\\Libraries\\HT32F5xxxx_Driver\\src\\ht32f5xxxx_adc.c 0x00000000   Number         0  ht32f5xxxx_adc.o ABSOLUTE
    ..\\Libraries\\HT32F5xxxx_Driver\\src\\ht32f5xxxx_bftm.c 0x00000000   Number         0  ht32f5xxxx_bftm.o ABSOLUTE
    ..\\Libraries\\HT32F5xxxx_Driver\\src\\ht32f5xxxx_ckcu.c 0x00000000   Number         0  ht32f5xxxx_ckcu.o ABSOLUTE
    ..\\Libraries\\HT32F5xxxx_Driver\\src\\ht32f5xxxx_cmp.c 0x00000000   Number         0  ht32f5xxxx_cmp.o ABSOLUTE
    ..\\Libraries\\HT32F5xxxx_Driver\\src\\ht32f5xxxx_crc.c 0x00000000   Number         0  ht32f5xxxx_crc.o ABSOLUTE
    ..\\Libraries\\HT32F5xxxx_Driver\\src\\ht32f5xxxx_ebi.c 0x00000000   Number         0  ht32f5xxxx_ebi.o ABSOLUTE
    ..\\Libraries\\HT32F5xxxx_Driver\\src\\ht32f5xxxx_exti.c 0x00000000   Number         0  ht32f5xxxx_exti.o ABSOLUTE
    ..\\Libraries\\HT32F5xxxx_Driver\\src\\ht32f5xxxx_flash.c 0x00000000   Number         0  ht32f5xxxx_flash.o ABSOLUTE
    ..\\Libraries\\HT32F5xxxx_Driver\\src\\ht32f5xxxx_gpio.c 0x00000000   Number         0  ht32f5xxxx_gpio.o ABSOLUTE
    ..\\Libraries\\HT32F5xxxx_Driver\\src\\ht32f5xxxx_i2c.c 0x00000000   Number         0  ht32f5xxxx_i2c.o ABSOLUTE
    ..\\Libraries\\HT32F5xxxx_Driver\\src\\ht32f5xxxx_i2s.c 0x00000000   Number         0  ht32f5xxxx_i2s.o ABSOLUTE
    ..\\Libraries\\HT32F5xxxx_Driver\\src\\ht32f5xxxx_mctm.c 0x00000000   Number         0  ht32f5xxxx_mctm.o ABSOLUTE
    ..\\Libraries\\HT32F5xxxx_Driver\\src\\ht32f5xxxx_pdma.c 0x00000000   Number         0  ht32f5xxxx_pdma.o ABSOLUTE
    ..\\Libraries\\HT32F5xxxx_Driver\\src\\ht32f5xxxx_pwrcu.c 0x00000000   Number         0  ht32f5xxxx_pwrcu.o ABSOLUTE
    ..\\Libraries\\HT32F5xxxx_Driver\\src\\ht32f5xxxx_rstcu.c 0x00000000   Number         0  ht32f5xxxx_rstcu.o ABSOLUTE
    ..\\Libraries\\HT32F5xxxx_Driver\\src\\ht32f5xxxx_rtc.c 0x00000000   Number         0  ht32f5xxxx_rtc.o ABSOLUTE
    ..\\Libraries\\HT32F5xxxx_Driver\\src\\ht32f5xxxx_sci.c 0x00000000   Number         0  ht32f5xxxx_sci.o ABSOLUTE
    ..\\Libraries\\HT32F5xxxx_Driver\\src\\ht32f5xxxx_spi.c 0x00000000   Number         0  ht32f5xxxx_spi.o ABSOLUTE
    ..\\Libraries\\HT32F5xxxx_Driver\\src\\ht32f5xxxx_tm.c 0x00000000   Number         0  ht32f5xxxx_tm.o ABSOLUTE
    ..\\Libraries\\HT32F5xxxx_Driver\\src\\ht32f5xxxx_usart.c 0x00000000   Number         0  ht32f5xxxx_usart.o ABSOLUTE
    ..\\Libraries\\HT32F5xxxx_Driver\\src\\ht32f5xxxx_usbd.c 0x00000000   Number         0  ht32f5xxxx_usbd.o ABSOLUTE
    ..\\Libraries\\HT32F5xxxx_Driver\\src\\ht32f5xxxx_wdt.c 0x00000000   Number         0  ht32f5xxxx_wdt.o ABSOLUTE
    ..\\Libraries\\HT32_USBD_Library\\src\\ht32_usbd_core.c 0x00000000   Number         0  ht32_usbd_core.o ABSOLUTE
    ..\\Libraries\\system_ht32f5xxxx_01.c    0x00000000   Number         0  system_ht32f5xxxx_01.o ABSOLUTE
    ..\\System\\WDT.c                        0x00000000   Number         0  wdt.o ABSOLUTE
    ..\\System\\delay.c                      0x00000000   Number         0  delay.o ABSOLUTE
    ..\\System\\sys.c                        0x00000000   Number         0  sys.o ABSOLUTE
    ..\\User\\ht32f5xxxx_01_it.c             0x00000000   Number         0  ht32f5xxxx_01_it.o ABSOLUTE
    ..\\User\\main.c                         0x00000000   Number         0  main.o ABSOLUTE
    ..\\Utilities\\common\\ebi_lcd.c         0x00000000   Number         0  ebi_lcd.o ABSOLUTE
    ..\\Utilities\\common\\i2c_eeprom.c      0x00000000   Number         0  i2c_eeprom.o ABSOLUTE
    ..\\Utilities\\common\\spi_flash.c       0x00000000   Number         0  spi_flash.o ABSOLUTE
    ..\\Utilities\\ht32_board.c              0x00000000   Number         0  ht32_board.o ABSOLUTE
    cdrcmple.s                               0x00000000   Number         0  cdrcmple.o ABSOLUTE
    cfcmple.s                                0x00000000   Number         0  cfcmple.o ABSOLUTE
    cfrcmple.s                               0x00000000   Number         0  cfrcmple.o ABSOLUTE
    dc.s                                     0x00000000   Number         0  dc.o ABSOLUTE
    handlers.s                               0x00000000   Number         0  handlers.o ABSOLUTE
    init.s                                   0x00000000   Number         0  init.o ABSOLUTE
    BootProcess                              0x000000cd   Thumb Code    44  startup_ht32f5xxxx_01.o(RESET)
    .ARM.Collect$$$$00000000                 0x0000011c   Section        0  entry.o(.ARM.Collect$$$$00000000)
    .ARM.Collect$$$$00000001                 0x0000011c   Section        4  entry2.o(.ARM.Collect$$$$00000001)
    .ARM.Collect$$$$00000004                 0x00000120   Section        4  entry5.o(.ARM.Collect$$$$00000004)
    .ARM.Collect$$$$00000008                 0x00000124   Section        0  entry7b.o(.ARM.Collect$$$$00000008)
    .ARM.Collect$$$$0000000A                 0x00000124   Section        0  entry8b.o(.ARM.Collect$$$$0000000A)
    .ARM.Collect$$$$0000000B                 0x00000124   Section        8  entry9a.o(.ARM.Collect$$$$0000000B)
    .ARM.Collect$$$$0000000D                 0x0000012c   Section        0  entry10a.o(.ARM.Collect$$$$0000000D)
    .ARM.Collect$$$$0000000F                 0x0000012c   Section        0  entry11a.o(.ARM.Collect$$$$0000000F)
    .ARM.Collect$$$$00002712                 0x0000012c   Section        4  entry2.o(.ARM.Collect$$$$00002712)
    __lit__00000000                          0x0000012c   Data           4  entry2.o(.ARM.Collect$$$$00002712)
    .text                                    0x00000130   Section        0  uidiv.o(.text)
    .text                                    0x0000015c   Section        0  memcpya.o(.text)
    .text                                    0x00000180   Section        0  memseta.o(.text)
    .text                                    0x000001a4   Section        0  strstr.o(.text)
    .text                                    0x000001cc   Section        0  strlen.o(.text)
    .text                                    0x000001dc   Section        0  __0sscanf.o(.text)
    .text                                    0x00000218   Section        0  scanf_fp.o(.text)
    _fp_value                                0x00000219   Thumb Code   286  scanf_fp.o(.text)
    .text                                    0x0000058c   Section        0  fadd.o(.text)
    .text                                    0x0000063e   Section        0  fdiv.o(.text)
    .text                                    0x000006ba   Section        0  ffltui.o(.text)
    .text                                    0x000006c8   Section        0  ffixui.o(.text)
    .text                                    0x000006f0   Section        0  f2d.o(.text)
    .text                                    0x00000718   Section       20  cfcmple.o(.text)
    .text                                    0x0000072c   Section       20  cfrcmple.o(.text)
    .text                                    0x00000740   Section        0  uldiv.o(.text)
    .text                                    0x000007a0   Section        0  llmul.o(.text)
    .text                                    0x0000081c   Section        0  scanf_char.o(.text)
    _scanf_char_input                        0x0000081d   Thumb Code    12  scanf_char.o(.text)
    .text                                    0x00000848   Section        0  _sgetc.o(.text)
    .text                                    0x0000088c   Section        0  iusefp.o(.text)
    .text                                    0x0000088c   Section        0  fepilogue.o(.text)
    .text                                    0x00000910   Section        0  dadd.o(.text)
    .text                                    0x00000a74   Section        0  dmul.o(.text)
    .text                                    0x00000b44   Section        0  ddiv.o(.text)
    .text                                    0x00000c34   Section        0  dfltul.o(.text)
    .text                                    0x00000c50   Section        0  dfixul.o(.text)
    .text                                    0x00000c90   Section       40  cdrcmple.o(.text)
    .text                                    0x00000cb8   Section        0  d2f.o(.text)
    .text                                    0x00000cf0   Section       36  init.o(.text)
    .text                                    0x00000d14   Section        0  llshl.o(.text)
    .text                                    0x00000d34   Section        0  llushr.o(.text)
    .text                                    0x00000d56   Section        0  llsshr.o(.text)
    .text                                    0x00000d7c   Section        0  isspace_c.o(.text)
    .text                                    0x00000d8c   Section        0  _scanf.o(.text)
    .text                                    0x000010c4   Section        0  depilogue.o(.text)
    .text                                    0x00001184   Section        0  ctype_c.o(.text)
    .text                                    0x000011a8   Section        0  __dczerorl2.o(.text)
    i.AFIO_GPxConfig                         0x00001200   Section        0  ht32f5xxxx_gpio.o(i.AFIO_GPxConfig)
    i.BFTM1_IRQHandler                       0x00001258   Section        0  main.o(i.BFTM1_IRQHandler)
    i.BFTM_ClearFlag                         0x000012c8   Section        0  ht32f5xxxx_bftm.o(i.BFTM_ClearFlag)
    i.BFTM_EnaCmd                            0x000012d6   Section        0  ht32f5xxxx_bftm.o(i.BFTM_EnaCmd)
    i.BFTM_GetFlagStatus                     0x000012e8   Section        0  ht32f5xxxx_bftm.o(i.BFTM_GetFlagStatus)
    i.BFTM_IntConfig                         0x000012f2   Section        0  ht32f5xxxx_bftm.o(i.BFTM_IntConfig)
    i.BFTM_SetCompare                        0x00001306   Section        0  ht32f5xxxx_bftm.o(i.BFTM_SetCompare)
    i.BFTM_SetCounter                        0x0000130a   Section        0  ht32f5xxxx_bftm.o(i.BFTM_SetCounter)
    i.BTN1_PRESS_DOWN_Handler                0x00001310   Section        0  main.o(i.BTN1_PRESS_DOWN_Handler)
    i.BTN2_PRESS_DOWN_Handler                0x00001344   Section        0  main.o(i.BTN2_PRESS_DOWN_Handler)
    i.BTN3_LONG_PRESS_START_Handler          0x00001384   Section        0  main.o(i.BTN3_LONG_PRESS_START_Handler)
    i.Button_ALL_Init                        0x000013c8   Section        0  main.o(i.Button_ALL_Init)
    i.Buzzer_Init                            0x00001440   Section        0  buzzer.o(i.Buzzer_Init)
    i.Buzzer_on                              0x00001480   Section        0  buzzer.o(i.Buzzer_on)
    i.CKCU_GetClocksFrequency                0x000014b8   Section        0  ht32f5xxxx_ckcu.o(i.CKCU_GetClocksFrequency)
    i.CKCU_GetPLLFrequency                   0x00001524   Section        0  ht32f5xxxx_ckcu.o(i.CKCU_GetPLLFrequency)
    i.CKCU_GetPeripFrequency                 0x00001560   Section        0  ht32f5xxxx_ckcu.o(i.CKCU_GetPeripFrequency)
    i.CKCU_PeripClockConfig                  0x00001594   Section        0  ht32f5xxxx_ckcu.o(i.CKCU_PeripClockConfig)
    i.CLR_Buf                                0x000015bc   Section        0  usart.o(i.CLR_Buf)
    i.Fan_Init                               0x000015d8   Section        0  fan.o(i.Fan_Init)
    i.GPIO_ClearOutBits                      0x00001618   Section        0  ht32f5xxxx_gpio.o(i.GPIO_ClearOutBits)
    i.GPIO_Configuration                     0x0000161c   Section        0  led.o(i.GPIO_Configuration)
    i.GPIO_DirectionConfig                   0x0000165c   Section        0  ht32f5xxxx_gpio.o(i.GPIO_DirectionConfig)
    i.GPIO_InputConfig                       0x0000166c   Section        0  ht32f5xxxx_gpio.o(i.GPIO_InputConfig)
    i.GPIO_OpenDrainConfig                   0x0000167c   Section        0  ht32f5xxxx_gpio.o(i.GPIO_OpenDrainConfig)
    i.GPIO_PullResistorConfig                0x0000168c   Section        0  ht32f5xxxx_gpio.o(i.GPIO_PullResistorConfig)
    i.GPIO_ReadInBit                         0x000016b6   Section        0  ht32f5xxxx_gpio.o(i.GPIO_ReadInBit)
    i.GPIO_SetOutBits                        0x000016c0   Section        0  ht32f5xxxx_gpio.o(i.GPIO_SetOutBits)
    i.GPIO_WriteOutBits                      0x000016c4   Section        0  ht32f5xxxx_gpio.o(i.GPIO_WriteOutBits)
    i.HardFault_Handler                      0x000016d0   Section        0  ht32f5xxxx_01_it.o(i.HardFault_Handler)
    i.Infrared_Init                          0x000016e0   Section        0  infrared.o(i.Infrared_Init)
    i.Key_Init                               0x00001718   Section        0  key.o(i.Key_Init)
    i.NMI_Handler                            0x0000176c   Section        0  ht32f5xxxx_01_it.o(i.NMI_Handler)
    i.OLED_Clear                             0x0000176e   Section        0  oled.o(i.OLED_Clear)
    i.OLED_I2C_Init                          0x00001794   Section        0  oled.o(i.OLED_I2C_Init)
    i.OLED_I2C_SendByte                      0x00001814   Section        0  oled.o(i.OLED_I2C_SendByte)
    i.OLED_I2C_Start                         0x0000186c   Section        0  oled.o(i.OLED_I2C_Start)
    i.OLED_I2C_Stop                          0x000018a0   Section        0  oled.o(i.OLED_I2C_Stop)
    i.OLED_Init                              0x000018cc   Section        0  oled.o(i.OLED_Init)
    i.OLED_Pow                               0x00001976   Section        0  oled.o(i.OLED_Pow)
    i.OLED_Print                             0x00001984   Section        0  oled.o(i.OLED_Print)
    i.OLED_Print_char                        0x00001a34   Section        0  oled.o(i.OLED_Print_char)
    i.OLED_SetCursor                         0x00001a94   Section        0  oled.o(i.OLED_SetCursor)
    i.OLED_Show                              0x00001ab4   Section        0  main.o(i.OLED_Show)
    i.OLED_ShowChar                          0x00001c24   Section        0  oled.o(i.OLED_ShowChar)
    i.OLED_ShowNum                           0x00001c80   Section        0  oled.o(i.OLED_ShowNum)
    i.OLED_ShowString                        0x00001cc0   Section        0  oled.o(i.OLED_ShowString)
    i.OLED_WriteCommand                      0x00001ce2   Section        0  oled.o(i.OLED_WriteCommand)
    i.OLED_WriteData                         0x00001d02   Section        0  oled.o(i.OLED_WriteData)
    i.OLED_turn                              0x00001d24   Section        0  oled.o(i.OLED_turn)
    i.PendSV_Handler                         0x00001d50   Section        0  ht32f5xxxx_01_it.o(i.PendSV_Handler)
    i.RSTCU_PeripReset                       0x00001d54   Section        0  ht32f5xxxx_rstcu.o(i.RSTCU_PeripReset)
    i.SVC_Handler                            0x00001d7c   Section        0  ht32f5xxxx_01_it.o(i.SVC_Handler)
    i.SYSTICK_ClockSourceConfig              0x00001d80   Section        0  ht32_cm0plus_misc.o(i.SYSTICK_ClockSourceConfig)
    i.SYSTICK_CounterCmd                     0x00001d98   Section        0  ht32_cm0plus_misc.o(i.SYSTICK_CounterCmd)
    i.SYSTICK_IntConfig                      0x00001dbc   Section        0  ht32_cm0plus_misc.o(i.SYSTICK_IntConfig)
    i.SYSTICK_SetReloadValue                 0x00001dd4   Section        0  ht32_cm0plus_misc.o(i.SYSTICK_SetReloadValue)
    i.SysTick_Handler                        0x00001de0   Section        0  ht32f5xxxx_01_it.o(i.SysTick_Handler)
    i.SystemInit                             0x00001de4   Section        0  system_ht32f5xxxx_01.o(i.SystemInit)
    i.Timer_Init                             0x00001ee0   Section        0  timer.o(i.Timer_Init)
    i.USART0_IRQHandler                      0x00001f34   Section        0  usart.o(i.USART0_IRQHandler)
    i.USART1_IRQHandler                      0x00001fb4   Section        0  jw01.o(i.USART1_IRQHandler)
    i.USART_Configuration                    0x00002044   Section        0  usart.o(i.USART_Configuration)
    i.USART_GetFlagStatus                    0x00002138   Section        0  ht32f5xxxx_usart.o(i.USART_GetFlagStatus)
    i.USART_Init                             0x00002144   Section        0  ht32f5xxxx_usart.o(i.USART_Init)
    i.USART_IntConfig                        0x000021c8   Section        0  ht32f5xxxx_usart.o(i.USART_IntConfig)
    i.USART_Printf                           0x000021d8   Section        0  usart.o(i.USART_Printf)
    i.USART_ReceiveData                      0x00002216   Section        0  ht32f5xxxx_usart.o(i.USART_ReceiveData)
    i.USART_SendData                         0x0000221c   Section        0  ht32f5xxxx_usart.o(i.USART_SendData)
    i.USART_TXRXTLConfig                     0x00002220   Section        0  ht32f5xxxx_usart.o(i.USART_TXRXTLConfig)
    i.USART_TxRxCmd                          0x00002234   Section        0  ht32f5xxxx_usart.o(i.USART_TxRxCmd)
    i.Usart_SendStr                          0x00002248   Section        0  usart.o(i.Usart_SendStr)
    i.Usart_Sendbyte                         0x00002264   Section        0  usart.o(i.Usart_Sendbyte)
    i.WDT_Cmd                                0x0000227c   Section        0  ht32f5xxxx_wdt.o(i.WDT_Cmd)
    i.WDT_Configuration                      0x00002298   Section        0  wdt.o(i.WDT_Configuration)
    i.WDT_DeInit                             0x000022d2   Section        0  ht32f5xxxx_wdt.o(i.WDT_DeInit)
    i.WDT_ProtectCmd                         0x000022e4   Section        0  ht32f5xxxx_wdt.o(i.WDT_ProtectCmd)
    i.WDT_ResetCmd                           0x00002300   Section        0  ht32f5xxxx_wdt.o(i.WDT_ResetCmd)
    i.WDT_Restart                            0x0000231c   Section        0  ht32f5xxxx_wdt.o(i.WDT_Restart)
    i.WDT_SetPrescaler                       0x0000232c   Section        0  ht32f5xxxx_wdt.o(i.WDT_SetPrescaler)
    i.WDT_SetReloadValue                     0x00002340   Section        0  ht32f5xxxx_wdt.o(i.WDT_SetReloadValue)
    i.__0sprintf                             0x00002354   Section        0  printfa.o(i.__0sprintf)
    i.__0vsprintf                            0x0000237c   Section        0  printfa.o(i.__0vsprintf)
    i.__ARM_clz                              0x000023a0   Section        0  depilogue.o(i.__ARM_clz)
    i.__ARM_common_switch8                   0x000023ce   Section        0  gps.o(i.__ARM_common_switch8)
    i.__scatterload_copy                     0x000023e8   Section       14  handlers.o(i.__scatterload_copy)
    i.__scatterload_null                     0x000023f6   Section        2  handlers.o(i.__scatterload_null)
    i.__scatterload_zeroinit                 0x000023f8   Section       14  handlers.o(i.__scatterload_zeroinit)
    i._fp_digits                             0x00002408   Section        0  printfa.o(i._fp_digits)
    _fp_digits                               0x00002409   Thumb Code   344  printfa.o(i._fp_digits)
    i._is_digit                              0x0000257c   Section        0  scanf_fp.o(i._is_digit)
    i._printf_core                           0x0000258c   Section        0  printfa.o(i._printf_core)
    _printf_core                             0x0000258d   Thumb Code  1754  printfa.o(i._printf_core)
    i._printf_post_padding                   0x00002c78   Section        0  printfa.o(i._printf_post_padding)
    _printf_post_padding                     0x00002c79   Thumb Code    32  printfa.o(i._printf_post_padding)
    i._printf_pre_padding                    0x00002c98   Section        0  printfa.o(i._printf_pre_padding)
    _printf_pre_padding                      0x00002c99   Thumb Code    44  printfa.o(i._printf_pre_padding)
    i._sputc                                 0x00002cc4   Section        0  printfa.o(i._sputc)
    _sputc                                   0x00002cc5   Thumb Code    10  printfa.o(i._sputc)
    i.button_attach                          0x00002cce   Section        0  multi_button.o(i.button_attach)
    i.button_handler                         0x00002cd6   Section        0  multi_button.o(i.button_handler)
    button_handler                           0x00002cd7   Thumb Code   450  multi_button.o(i.button_handler)
    i.button_init                            0x00002e98   Section        0  multi_button.o(i.button_init)
    i.button_start                           0x00002ed4   Section        0  multi_button.o(i.button_start)
    i.button_ticks                           0x00002ef8   Section        0  multi_button.o(i.button_ticks)
    i.calculate_shake_frequency              0x00002f14   Section        0  main.o(i.calculate_shake_frequency)
    i.clrStruct                              0x00002f50   Section        0  usart.o(i.clrStruct)
    i.convertToDecimalDegrees                0x00002f94   Section        0  gps.o(i.convertToDecimalDegrees)
    i.delay_ms                               0x00002fcc   Section        0  delay.o(i.delay_ms)
    i.delay_us                               0x00002fe8   Section        0  delay.o(i.delay_us)
    i.dou_dht11_get_data                     0x00003044   Section        0  dht11.o(i.dou_dht11_get_data)
    i.dou_dht11_get_databit                  0x000030ec   Section        0  dht11.o(i.dou_dht11_get_databit)
    i.dou_dht11_init                         0x00003104   Section        0  dht11.o(i.dou_dht11_init)
    i.dou_dht11_pinset_out                   0x00003134   Section        0  dht11.o(i.dou_dht11_pinset_out)
    dou_dht11_pinset_out                     0x00003135   Thumb Code    26  dht11.o(i.dou_dht11_pinset_out)
    i.dou_dht11_read_byte                    0x00003154   Section        0  dht11.o(i.dou_dht11_read_byte)
    dou_dht11_read_byte                      0x00003155   Thumb Code    56  dht11.o(i.dou_dht11_read_byte)
    i.dou_dht11_set_databit                  0x0000318c   Section        0  dht11.o(i.dou_dht11_set_databit)
    i.errorLog                               0x000031a8   Section        0  gps.o(i.errorLog)
    i.gsm_send1                              0x000031cc   Section        0  gsm.o(i.gsm_send1)
    i.infrared_test                          0x000032b0   Section        0  infrared.o(i.infrared_test)
    i.linaggedeng_Init                       0x000032c8   Section        0  main.o(i.linaggedeng_Init)
    i.main                                   0x00003300   Section        0  main.o(i.main)
    i.parseGpsBuffer                         0x000035dc   Section        0  gps.o(i.parseGpsBuffer)
    i.printConvertedCoordinates              0x000036c8   Section        0  gps.o(i.printConvertedCoordinates)
    i.printGpsBuffer                         0x00003760   Section        0  gps.o(i.printGpsBuffer)
    i.read_button_pin                        0x0000389c   Section        0  main.o(i.read_button_pin)
    i.shake_ReadBit                          0x000038d0   Section        0  shake.o(i.shake_ReadBit)
    i.shake_init                             0x000038ec   Section        0  shake.o(i.shake_init)
    .constdata                               0x0000392c   Section     1860  oled.o(.constdata)
    .constdata                               0x00004070   Section       64  ctype_c.o(.constdata)
    .conststring                             0x000040b0   Section       69  jw01.o(.conststring)
    .data                                    0x20000000   Section       36  main.o(.data)
    f_po                                     0x20000009   Data           1  main.o(.data)
    timer_ticks_button                       0x2000000e   Data           2  main.o(.data)
    timer_ticks                              0x20000010   Data           2  main.o(.data)
    prev_shake_count                         0x20000012   Data           2  main.o(.data)
    prev_ticks                               0x20000020   Data           4  main.o(.data)
    .data                                    0x20000024   Section        4  ht32f5xxxx_01_it.o(.data)
    gIsContinue                              0x20000024   Data           4  ht32f5xxxx_01_it.o(.data)
    .data                                    0x20000028   Section        2  usart.o(.data)
    .data                                    0x2000002a   Section        9  dht11.o(.data)
    .data                                    0x20000034   Section       10  jw01.o(.data)
    data_index                               0x20000034   Data           1  jw01.o(.data)
    syncing                                  0x20000035   Data           1  jw01.o(.data)
    data_buffer                              0x20000038   Data           6  jw01.o(.data)
    .data                                    0x20000040   Section       12  gps.o(.data)
    .data                                    0x2000004c   Section        1  oled.o(.data)
    odir                                     0x2000004c   Data           1  oled.o(.data)
    .data                                    0x20000050   Section        4  multi_button.o(.data)
    head_handle                              0x20000050   Data           4  multi_button.o(.data)
    .data                                    0x20000054   Section      272  gsm.o(.data)
    .data                                    0x20000164   Section        4  system_ht32f5xxxx_01.o(.data)
    .bss                                     0x20000168   Section      132  main.o(.bss)
    .bss                                     0x200001ec   Section      321  usart.o(.bss)
    STACK                                    0x20000330   Section      512  startup_ht32f5xxxx_01.o(STACK)

    Global Symbols

    Symbol Name                              Value     Ov Type        Size  Object(Section)

    BuildAttributes$$THM_ISAv3M$S$PE$A:L22$X:L11$S22$IEEE1$IW$USESV6$~STKCKD$USESV7$~SHL$OTIME$ROPI$EBA8$MICROLIB$REQ8$PRES8$EABIv2 0x00000000   Number         0  anon$$obj.o ABSOLUTE
    __ARM_use_no_argv                        0x00000000   Number         0  main.o ABSOLUTE
    __Vectors                                0x00000000   Data           0  startup_ht32f5xxxx_01.o(RESET)
    _printf_a                                0x00000000   Number         0  stubs.o ABSOLUTE
    _printf_c                                0x00000000   Number         0  stubs.o ABSOLUTE
    _printf_charcount                        0x00000000   Number         0  stubs.o ABSOLUTE
    _printf_d                                0x00000000   Number         0  stubs.o ABSOLUTE
    _printf_e                                0x00000000   Number         0  stubs.o ABSOLUTE
    _printf_f                                0x00000000   Number         0  stubs.o ABSOLUTE
    _printf_flags                            0x00000000   Number         0  stubs.o ABSOLUTE
    _printf_fp_dec                           0x00000000   Number         0  stubs.o ABSOLUTE
    _printf_fp_hex                           0x00000000   Number         0  stubs.o ABSOLUTE
    _printf_g                                0x00000000   Number         0  stubs.o ABSOLUTE
    _printf_i                                0x00000000   Number         0  stubs.o ABSOLUTE
    _printf_int_dec                          0x00000000   Number         0  stubs.o ABSOLUTE
    _printf_l                                0x00000000   Number         0  stubs.o ABSOLUTE
    _printf_lc                               0x00000000   Number         0  stubs.o ABSOLUTE
    _printf_ll                               0x00000000   Number         0  stubs.o ABSOLUTE
    _printf_lld                              0x00000000   Number         0  stubs.o ABSOLUTE
    _printf_lli                              0x00000000   Number         0  stubs.o ABSOLUTE
    _printf_llo                              0x00000000   Number         0  stubs.o ABSOLUTE
    _printf_llu                              0x00000000   Number         0  stubs.o ABSOLUTE
    _printf_llx                              0x00000000   Number         0  stubs.o ABSOLUTE
    _printf_longlong_dec                     0x00000000   Number         0  stubs.o ABSOLUTE
    _printf_longlong_hex                     0x00000000   Number         0  stubs.o ABSOLUTE
    _printf_longlong_oct                     0x00000000   Number         0  stubs.o ABSOLUTE
    _printf_ls                               0x00000000   Number         0  stubs.o ABSOLUTE
    _printf_mbtowc                           0x00000000   Number         0  stubs.o ABSOLUTE
    _printf_n                                0x00000000   Number         0  stubs.o ABSOLUTE
    _printf_o                                0x00000000   Number         0  stubs.o ABSOLUTE
    _printf_p                                0x00000000   Number         0  stubs.o ABSOLUTE
    _printf_percent                          0x00000000   Number         0  stubs.o ABSOLUTE
    _printf_pre_padding                      0x00000000   Number         0  stubs.o ABSOLUTE
    _printf_return_value                     0x00000000   Number         0  stubs.o ABSOLUTE
    _printf_s                                0x00000000   Number         0  stubs.o ABSOLUTE
    _printf_sizespec                         0x00000000   Number         0  stubs.o ABSOLUTE
    _printf_str                              0x00000000   Number         0  stubs.o ABSOLUTE
    _printf_truncate_signed                  0x00000000   Number         0  stubs.o ABSOLUTE
    _printf_truncate_unsigned                0x00000000   Number         0  stubs.o ABSOLUTE
    _printf_u                                0x00000000   Number         0  stubs.o ABSOLUTE
    _printf_wc                               0x00000000   Number         0  stubs.o ABSOLUTE
    _printf_wctomb                           0x00000000   Number         0  stubs.o ABSOLUTE
    _printf_widthprec                        0x00000000   Number         0  stubs.o ABSOLUTE
    _printf_x                                0x00000000   Number         0  stubs.o ABSOLUTE
    __cpp_initialize__aeabi_                  - Undefined Weak Reference
    __cxa_finalize                            - Undefined Weak Reference
    _clock_init                               - Undefined Weak Reference
    _microlib_exit                            - Undefined Weak Reference
    _scanf_int                                - Undefined Weak Reference
    _scanf_longlong                           - Undefined Weak Reference
    _scanf_string                             - Undefined Weak Reference
    Reset_Handler                            0x000000c1   Thumb Code    12  startup_ht32f5xxxx_01.o(RESET)
    ADC_IRQHandler                           0x00000103   Thumb Code     0  startup_ht32f5xxxx_01.o(RESET)
    AES_IRQHandler                           0x00000103   Thumb Code     0  startup_ht32f5xxxx_01.o(RESET)
    BFTM0_IRQHandler                         0x00000103   Thumb Code     0  startup_ht32f5xxxx_01.o(RESET)
    COMP_IRQHandler                          0x00000103   Thumb Code     0  startup_ht32f5xxxx_01.o(RESET)
    EVWUP_IRQHandler                         0x00000103   Thumb Code     0  startup_ht32f5xxxx_01.o(RESET)
    EXTI0_1_IRQHandler                       0x00000103   Thumb Code     0  startup_ht32f5xxxx_01.o(RESET)
    EXTI2_3_IRQHandler                       0x00000103   Thumb Code     0  startup_ht32f5xxxx_01.o(RESET)
    EXTI4_15_IRQHandler                      0x00000103   Thumb Code     0  startup_ht32f5xxxx_01.o(RESET)
    FLASH_IRQHandler                         0x00000103   Thumb Code     0  startup_ht32f5xxxx_01.o(RESET)
    GPTM0_IRQHandler                         0x00000103   Thumb Code     0  startup_ht32f5xxxx_01.o(RESET)
    GPTM1_IRQHandler                         0x00000103   Thumb Code     0  startup_ht32f5xxxx_01.o(RESET)
    I2C0_IRQHandler                          0x00000103   Thumb Code     0  startup_ht32f5xxxx_01.o(RESET)
    I2C1_IRQHandler                          0x00000103   Thumb Code     0  startup_ht32f5xxxx_01.o(RESET)
    I2S_IRQHandler                           0x00000103   Thumb Code     0  startup_ht32f5xxxx_01.o(RESET)
    LVD_BOD_IRQHandler                       0x00000103   Thumb Code     0  startup_ht32f5xxxx_01.o(RESET)
    MCTM0_IRQHandler                         0x00000103   Thumb Code     0  startup_ht32f5xxxx_01.o(RESET)
    PDMA_CH0_1_IRQHandler                    0x00000103   Thumb Code     0  startup_ht32f5xxxx_01.o(RESET)
    PDMA_CH2_5_IRQHandler                    0x00000103   Thumb Code     0  startup_ht32f5xxxx_01.o(RESET)
    PWM0_IRQHandler                          0x00000103   Thumb Code     0  startup_ht32f5xxxx_01.o(RESET)
    PWM1_IRQHandler                          0x00000103   Thumb Code     0  startup_ht32f5xxxx_01.o(RESET)
    RTC_IRQHandler                           0x00000103   Thumb Code     0  startup_ht32f5xxxx_01.o(RESET)
    SCI_IRQHandler                           0x00000103   Thumb Code     0  startup_ht32f5xxxx_01.o(RESET)
    SCTM0_IRQHandler                         0x00000103   Thumb Code     0  startup_ht32f5xxxx_01.o(RESET)
    SCTM1_IRQHandler                         0x00000103   Thumb Code     0  startup_ht32f5xxxx_01.o(RESET)
    SCTM2_IRQHandler                         0x00000103   Thumb Code     0  startup_ht32f5xxxx_01.o(RESET)
    SCTM3_IRQHandler                         0x00000103   Thumb Code     0  startup_ht32f5xxxx_01.o(RESET)
    SPI0_IRQHandler                          0x00000103   Thumb Code     0  startup_ht32f5xxxx_01.o(RESET)
    SPI1_IRQHandler                          0x00000103   Thumb Code     0  startup_ht32f5xxxx_01.o(RESET)
    UART0_IRQHandler                         0x00000103   Thumb Code     0  startup_ht32f5xxxx_01.o(RESET)
    UART1_IRQHandler                         0x00000103   Thumb Code     0  startup_ht32f5xxxx_01.o(RESET)
    UART2_IRQHandler                         0x00000103   Thumb Code     0  startup_ht32f5xxxx_01.o(RESET)
    UART3_IRQHandler                         0x00000103   Thumb Code     0  startup_ht32f5xxxx_01.o(RESET)
    USB_IRQHandler                           0x00000103   Thumb Code     0  startup_ht32f5xxxx_01.o(RESET)
    __main                                   0x0000011d   Thumb Code     0  entry.o(.ARM.Collect$$$$00000000)
    _main_stk                                0x0000011d   Thumb Code     0  entry2.o(.ARM.Collect$$$$00000001)
    _main_scatterload                        0x00000121   Thumb Code     0  entry5.o(.ARM.Collect$$$$00000004)
    __main_after_scatterload                 0x00000125   Thumb Code     0  entry5.o(.ARM.Collect$$$$00000004)
    _main_clock                              0x00000125   Thumb Code     0  entry7b.o(.ARM.Collect$$$$00000008)
    _main_cpp_init                           0x00000125   Thumb Code     0  entry8b.o(.ARM.Collect$$$$0000000A)
    _main_init                               0x00000125   Thumb Code     0  entry9a.o(.ARM.Collect$$$$0000000B)
    __rt_final_cpp                           0x0000012d   Thumb Code     0  entry10a.o(.ARM.Collect$$$$0000000D)
    __rt_final_exit                          0x0000012d   Thumb Code     0  entry11a.o(.ARM.Collect$$$$0000000F)
    __aeabi_uidiv                            0x00000131   Thumb Code     0  uidiv.o(.text)
    __aeabi_uidivmod                         0x00000131   Thumb Code    44  uidiv.o(.text)
    __aeabi_memcpy                           0x0000015d   Thumb Code    36  memcpya.o(.text)
    __aeabi_memcpy4                          0x0000015d   Thumb Code     0  memcpya.o(.text)
    __aeabi_memcpy8                          0x0000015d   Thumb Code     0  memcpya.o(.text)
    __aeabi_memset                           0x00000181   Thumb Code    14  memseta.o(.text)
    __aeabi_memset4                          0x00000181   Thumb Code     0  memseta.o(.text)
    __aeabi_memset8                          0x00000181   Thumb Code     0  memseta.o(.text)
    __aeabi_memclr                           0x0000018f   Thumb Code     4  memseta.o(.text)
    __aeabi_memclr4                          0x0000018f   Thumb Code     0  memseta.o(.text)
    __aeabi_memclr8                          0x0000018f   Thumb Code     0  memseta.o(.text)
    _memset$wrapper                          0x00000193   Thumb Code    18  memseta.o(.text)
    strstr                                   0x000001a5   Thumb Code    40  strstr.o(.text)
    strlen                                   0x000001cd   Thumb Code    14  strlen.o(.text)
    __0sscanf                                0x000001dd   Thumb Code    50  __0sscanf.o(.text)
    _scanf_real                              0x00000337   Thumb Code     0  scanf_fp.o(.text)
    _scanf_really_real                       0x00000337   Thumb Code   586  scanf_fp.o(.text)
    __aeabi_fadd                             0x0000058d   Thumb Code   162  fadd.o(.text)
    __aeabi_fsub                             0x0000062f   Thumb Code     8  fadd.o(.text)
    __aeabi_frsub                            0x00000637   Thumb Code     8  fadd.o(.text)
    __aeabi_fdiv                             0x0000063f   Thumb Code   124  fdiv.o(.text)
    __aeabi_ui2f                             0x000006bb   Thumb Code    14  ffltui.o(.text)
    __aeabi_f2uiz                            0x000006c9   Thumb Code    40  ffixui.o(.text)
    __aeabi_f2d                              0x000006f1   Thumb Code    40  f2d.o(.text)
    __aeabi_cfcmpeq                          0x00000719   Thumb Code     0  cfcmple.o(.text)
    __aeabi_cfcmple                          0x00000719   Thumb Code    20  cfcmple.o(.text)
    __aeabi_cfrcmple                         0x0000072d   Thumb Code    20  cfrcmple.o(.text)
    __aeabi_uldivmod                         0x00000741   Thumb Code    96  uldiv.o(.text)
    __aeabi_lmul                             0x000007a1   Thumb Code   122  llmul.o(.text)
    _ll_mul                                  0x000007a1   Thumb Code     0  llmul.o(.text)
    __vfscanf_char                           0x00000829   Thumb Code    24  scanf_char.o(.text)
    _sgetc                                   0x00000849   Thumb Code    32  _sgetc.o(.text)
    _sbackspace                              0x00000869   Thumb Code    36  _sgetc.o(.text)
    __I$use$fp                               0x0000088d   Thumb Code     0  iusefp.o(.text)
    _float_round                             0x0000088d   Thumb Code    16  fepilogue.o(.text)
    _float_epilogue                          0x0000089d   Thumb Code   114  fepilogue.o(.text)
    __aeabi_dadd                             0x00000911   Thumb Code   328  dadd.o(.text)
    __aeabi_dsub                             0x00000a59   Thumb Code    12  dadd.o(.text)
    __aeabi_drsub                            0x00000a65   Thumb Code    12  dadd.o(.text)
    __aeabi_dmul                             0x00000a75   Thumb Code   202  dmul.o(.text)
    __aeabi_ddiv                             0x00000b45   Thumb Code   234  ddiv.o(.text)
    __aeabi_ul2d                             0x00000c35   Thumb Code    22  dfltul.o(.text)
    __aeabi_d2ulz                            0x00000c51   Thumb Code    54  dfixul.o(.text)
    __aeabi_cdrcmple                         0x00000c91   Thumb Code    38  cdrcmple.o(.text)
    __aeabi_d2f                              0x00000cb9   Thumb Code    56  d2f.o(.text)
    __scatterload                            0x00000cf1   Thumb Code    28  init.o(.text)
    __scatterload_rt2                        0x00000cf1   Thumb Code     0  init.o(.text)
    __aeabi_llsl                             0x00000d15   Thumb Code    32  llshl.o(.text)
    _ll_shift_l                              0x00000d15   Thumb Code     0  llshl.o(.text)
    __aeabi_llsr                             0x00000d35   Thumb Code    34  llushr.o(.text)
    _ll_ushift_r                             0x00000d35   Thumb Code     0  llushr.o(.text)
    __aeabi_lasr                             0x00000d57   Thumb Code    38  llsshr.o(.text)
    _ll_sshift_r                             0x00000d57   Thumb Code     0  llsshr.o(.text)
    isspace                                  0x00000d7d   Thumb Code    14  isspace_c.o(.text)
    __vfscanf                                0x00000d8d   Thumb Code   812  _scanf.o(.text)
    _double_round                            0x000010c5   Thumb Code    26  depilogue.o(.text)
    _double_epilogue                         0x000010df   Thumb Code   164  depilogue.o(.text)
    __ctype_lookup                           0x00001185   Thumb Code    32  ctype_c.o(.text)
    __decompress                             0x000011a9   Thumb Code     0  __dczerorl2.o(.text)
    __decompress1                            0x000011a9   Thumb Code    86  __dczerorl2.o(.text)
    AFIO_GPxConfig                           0x00001201   Thumb Code    82  ht32f5xxxx_gpio.o(i.AFIO_GPxConfig)
    BFTM1_IRQHandler                         0x00001259   Thumb Code   100  main.o(i.BFTM1_IRQHandler)
    BFTM_ClearFlag                           0x000012c9   Thumb Code    14  ht32f5xxxx_bftm.o(i.BFTM_ClearFlag)
    BFTM_EnaCmd                              0x000012d7   Thumb Code    18  ht32f5xxxx_bftm.o(i.BFTM_EnaCmd)
    BFTM_GetFlagStatus                       0x000012e9   Thumb Code    10  ht32f5xxxx_bftm.o(i.BFTM_GetFlagStatus)
    BFTM_IntConfig                           0x000012f3   Thumb Code    20  ht32f5xxxx_bftm.o(i.BFTM_IntConfig)
    BFTM_SetCompare                          0x00001307   Thumb Code     4  ht32f5xxxx_bftm.o(i.BFTM_SetCompare)
    BFTM_SetCounter                          0x0000130b   Thumb Code     4  ht32f5xxxx_bftm.o(i.BFTM_SetCounter)
    BTN1_PRESS_DOWN_Handler                  0x00001311   Thumb Code    28  main.o(i.BTN1_PRESS_DOWN_Handler)
    BTN2_PRESS_DOWN_Handler                  0x00001345   Thumb Code    34  main.o(i.BTN2_PRESS_DOWN_Handler)
    BTN3_LONG_PRESS_START_Handler            0x00001385   Thumb Code    44  main.o(i.BTN3_LONG_PRESS_START_Handler)
    Button_ALL_Init                          0x000013c9   Thumb Code   100  main.o(i.Button_ALL_Init)
    Buzzer_Init                              0x00001441   Thumb Code    60  buzzer.o(i.Buzzer_Init)
    Buzzer_on                                0x00001481   Thumb Code    50  buzzer.o(i.Buzzer_on)
    CKCU_GetClocksFrequency                  0x000014b9   Thumb Code    98  ht32f5xxxx_ckcu.o(i.CKCU_GetClocksFrequency)
    CKCU_GetPLLFrequency                     0x00001525   Thumb Code    50  ht32f5xxxx_ckcu.o(i.CKCU_GetPLLFrequency)
    CKCU_GetPeripFrequency                   0x00001561   Thumb Code    48  ht32f5xxxx_ckcu.o(i.CKCU_GetPeripFrequency)
    CKCU_PeripClockConfig                    0x00001595   Thumb Code    34  ht32f5xxxx_ckcu.o(i.CKCU_PeripClockConfig)
    CLR_Buf                                  0x000015bd   Thumb Code    18  usart.o(i.CLR_Buf)
    Fan_Init                                 0x000015d9   Thumb Code    60  fan.o(i.Fan_Init)
    GPIO_ClearOutBits                        0x00001619   Thumb Code     4  ht32f5xxxx_gpio.o(i.GPIO_ClearOutBits)
    GPIO_Configuration                       0x0000161d   Thumb Code    60  led.o(i.GPIO_Configuration)
    GPIO_DirectionConfig                     0x0000165d   Thumb Code    16  ht32f5xxxx_gpio.o(i.GPIO_DirectionConfig)
    GPIO_InputConfig                         0x0000166d   Thumb Code    16  ht32f5xxxx_gpio.o(i.GPIO_InputConfig)
    GPIO_OpenDrainConfig                     0x0000167d   Thumb Code    16  ht32f5xxxx_gpio.o(i.GPIO_OpenDrainConfig)
    GPIO_PullResistorConfig                  0x0000168d   Thumb Code    42  ht32f5xxxx_gpio.o(i.GPIO_PullResistorConfig)
    GPIO_ReadInBit                           0x000016b7   Thumb Code    10  ht32f5xxxx_gpio.o(i.GPIO_ReadInBit)
    GPIO_SetOutBits                          0x000016c1   Thumb Code     4  ht32f5xxxx_gpio.o(i.GPIO_SetOutBits)
    GPIO_WriteOutBits                        0x000016c5   Thumb Code    12  ht32f5xxxx_gpio.o(i.GPIO_WriteOutBits)
    HardFault_Handler                        0x000016d1   Thumb Code    10  ht32f5xxxx_01_it.o(i.HardFault_Handler)
    Infrared_Init                            0x000016e1   Thumb Code    50  infrared.o(i.Infrared_Init)
    Key_Init                                 0x00001719   Thumb Code    70  key.o(i.Key_Init)
    NMI_Handler                              0x0000176d   Thumb Code     2  ht32f5xxxx_01_it.o(i.NMI_Handler)
    OLED_Clear                               0x0000176f   Thumb Code    38  oled.o(i.OLED_Clear)
    OLED_I2C_Init                            0x00001795   Thumb Code   122  oled.o(i.OLED_I2C_Init)
    OLED_I2C_SendByte                        0x00001815   Thumb Code    84  oled.o(i.OLED_I2C_SendByte)
    OLED_I2C_Start                           0x0000186d   Thumb Code    48  oled.o(i.OLED_I2C_Start)
    OLED_I2C_Stop                            0x000018a1   Thumb Code    40  oled.o(i.OLED_I2C_Stop)
    OLED_Init                                0x000018cd   Thumb Code   170  oled.o(i.OLED_Init)
    OLED_Pow                                 0x00001977   Thumb Code    14  oled.o(i.OLED_Pow)
    OLED_Print                               0x00001985   Thumb Code   172  oled.o(i.OLED_Print)
    OLED_Print_char                          0x00001a35   Thumb Code    92  oled.o(i.OLED_Print_char)
    OLED_SetCursor                           0x00001a95   Thumb Code    30  oled.o(i.OLED_SetCursor)
    OLED_Show                                0x00001ab5   Thumb Code   228  main.o(i.OLED_Show)
    OLED_ShowChar                            0x00001c25   Thumb Code    86  oled.o(i.OLED_ShowChar)
    OLED_ShowNum                             0x00001c81   Thumb Code    64  oled.o(i.OLED_ShowNum)
    OLED_ShowString                          0x00001cc1   Thumb Code    34  oled.o(i.OLED_ShowString)
    OLED_WriteCommand                        0x00001ce3   Thumb Code    32  oled.o(i.OLED_WriteCommand)
    OLED_WriteData                           0x00001d03   Thumb Code    32  oled.o(i.OLED_WriteData)
    OLED_turn                                0x00001d25   Thumb Code    38  oled.o(i.OLED_turn)
    PendSV_Handler                           0x00001d51   Thumb Code     2  ht32f5xxxx_01_it.o(i.PendSV_Handler)
    RSTCU_PeripReset                         0x00001d55   Thumb Code    34  ht32f5xxxx_rstcu.o(i.RSTCU_PeripReset)
    SVC_Handler                              0x00001d7d   Thumb Code     2  ht32f5xxxx_01_it.o(i.SVC_Handler)
    SYSTICK_ClockSourceConfig                0x00001d81   Thumb Code    20  ht32_cm0plus_misc.o(i.SYSTICK_ClockSourceConfig)
    SYSTICK_CounterCmd                       0x00001d99   Thumb Code    32  ht32_cm0plus_misc.o(i.SYSTICK_CounterCmd)
    SYSTICK_IntConfig                        0x00001dbd   Thumb Code    20  ht32_cm0plus_misc.o(i.SYSTICK_IntConfig)
    SYSTICK_SetReloadValue                   0x00001dd5   Thumb Code     6  ht32_cm0plus_misc.o(i.SYSTICK_SetReloadValue)
    SysTick_Handler                          0x00001de1   Thumb Code     2  ht32f5xxxx_01_it.o(i.SysTick_Handler)
    SystemInit                               0x00001de5   Thumb Code   232  system_ht32f5xxxx_01.o(i.SystemInit)
    Timer_Init                               0x00001ee1   Thumb Code    72  timer.o(i.Timer_Init)
    USART0_IRQHandler                        0x00001f35   Thumb Code   120  usart.o(i.USART0_IRQHandler)
    USART1_IRQHandler                        0x00001fb5   Thumb Code   130  jw01.o(i.USART1_IRQHandler)
    USART_Configuration                      0x00002045   Thumb Code   230  usart.o(i.USART_Configuration)
    USART_GetFlagStatus                      0x00002139   Thumb Code    10  ht32f5xxxx_usart.o(i.USART_GetFlagStatus)
    USART_Init                               0x00002145   Thumb Code   114  ht32f5xxxx_usart.o(i.USART_Init)
    USART_IntConfig                          0x000021c9   Thumb Code    16  ht32f5xxxx_usart.o(i.USART_IntConfig)
    USART_Printf                             0x000021d9   Thumb Code    62  usart.o(i.USART_Printf)
    USART_ReceiveData                        0x00002217   Thumb Code     6  ht32f5xxxx_usart.o(i.USART_ReceiveData)
    USART_SendData                           0x0000221d   Thumb Code     4  ht32f5xxxx_usart.o(i.USART_SendData)
    USART_TXRXTLConfig                       0x00002221   Thumb Code    20  ht32f5xxxx_usart.o(i.USART_TXRXTLConfig)
    USART_TxRxCmd                            0x00002235   Thumb Code    20  ht32f5xxxx_usart.o(i.USART_TxRxCmd)
    Usart_SendStr                            0x00002249   Thumb Code    28  usart.o(i.Usart_SendStr)
    Usart_Sendbyte                           0x00002265   Thumb Code    22  usart.o(i.Usart_Sendbyte)
    WDT_Cmd                                  0x0000227d   Thumb Code    22  ht32f5xxxx_wdt.o(i.WDT_Cmd)
    WDT_Configuration                        0x00002299   Thumb Code    58  wdt.o(i.WDT_Configuration)
    WDT_DeInit                               0x000022d3   Thumb Code    16  ht32f5xxxx_wdt.o(i.WDT_DeInit)
    WDT_ProtectCmd                           0x000022e5   Thumb Code    16  ht32f5xxxx_wdt.o(i.WDT_ProtectCmd)
    WDT_ResetCmd                             0x00002301   Thumb Code    22  ht32f5xxxx_wdt.o(i.WDT_ResetCmd)
    WDT_Restart                              0x0000231d   Thumb Code     8  ht32f5xxxx_wdt.o(i.WDT_Restart)
    WDT_SetPrescaler                         0x0000232d   Thumb Code    14  ht32f5xxxx_wdt.o(i.WDT_SetPrescaler)
    WDT_SetReloadValue                       0x00002341   Thumb Code    16  ht32f5xxxx_wdt.o(i.WDT_SetReloadValue)
    __0sprintf                               0x00002355   Thumb Code    36  printfa.o(i.__0sprintf)
    __1sprintf                               0x00002355   Thumb Code     0  printfa.o(i.__0sprintf)
    __2sprintf                               0x00002355   Thumb Code     0  printfa.o(i.__0sprintf)
    __c89sprintf                             0x00002355   Thumb Code     0  printfa.o(i.__0sprintf)
    sprintf                                  0x00002355   Thumb Code     0  printfa.o(i.__0sprintf)
    __0vsprintf                              0x0000237d   Thumb Code    30  printfa.o(i.__0vsprintf)
    __1vsprintf                              0x0000237d   Thumb Code     0  printfa.o(i.__0vsprintf)
    __2vsprintf                              0x0000237d   Thumb Code     0  printfa.o(i.__0vsprintf)
    __c89vsprintf                            0x0000237d   Thumb Code     0  printfa.o(i.__0vsprintf)
    vsprintf                                 0x0000237d   Thumb Code     0  printfa.o(i.__0vsprintf)
    __ARM_clz                                0x000023a1   Thumb Code    46  depilogue.o(i.__ARM_clz)
    __ARM_common_switch8                     0x000023cf   Thumb Code    26  gps.o(i.__ARM_common_switch8)
    __scatterload_copy                       0x000023e9   Thumb Code    14  handlers.o(i.__scatterload_copy)
    __scatterload_null                       0x000023f7   Thumb Code     2  handlers.o(i.__scatterload_null)
    __scatterload_zeroinit                   0x000023f9   Thumb Code    14  handlers.o(i.__scatterload_zeroinit)
    _is_digit                                0x0000257d   Thumb Code    14  scanf_fp.o(i._is_digit)
    button_attach                            0x00002ccf   Thumb Code     8  multi_button.o(i.button_attach)
    button_init                              0x00002e99   Thumb Code    58  multi_button.o(i.button_init)
    button_start                             0x00002ed5   Thumb Code    32  multi_button.o(i.button_start)
    button_ticks                             0x00002ef9   Thumb Code    22  multi_button.o(i.button_ticks)
    calculate_shake_frequency                0x00002f15   Thumb Code    56  main.o(i.calculate_shake_frequency)
    clrStruct                                0x00002f51   Thumb Code    64  usart.o(i.clrStruct)
    convertToDecimalDegrees                  0x00002f95   Thumb Code    36  gps.o(i.convertToDecimalDegrees)
    delay_ms                                 0x00002fcd   Thumb Code    28  delay.o(i.delay_ms)
    delay_us                                 0x00002fe9   Thumb Code    78  delay.o(i.delay_us)
    dou_dht11_get_data                       0x00003045   Thumb Code   160  dht11.o(i.dou_dht11_get_data)
    dou_dht11_get_databit                    0x000030ed   Thumb Code    18  dht11.o(i.dou_dht11_get_databit)
    dou_dht11_init                           0x00003105   Thumb Code    42  dht11.o(i.dou_dht11_init)
    dou_dht11_set_databit                    0x0000318d   Thumb Code    24  dht11.o(i.dou_dht11_set_databit)
    errorLog                                 0x000031a9   Thumb Code    24  gps.o(i.errorLog)
    gsm_send1                                0x000031cd   Thumb Code    84  gsm.o(i.gsm_send1)
    infrared_test                            0x000032b1   Thumb Code    18  infrared.o(i.infrared_test)
    linaggedeng_Init                         0x000032c9   Thumb Code    50  main.o(i.linaggedeng_Init)
    main                                     0x00003301   Thumb Code   572  main.o(i.main)
    parseGpsBuffer                           0x000035dd   Thumb Code   208  gps.o(i.parseGpsBuffer)
    printConvertedCoordinates                0x000036c9   Thumb Code   116  gps.o(i.printConvertedCoordinates)
    printGpsBuffer                           0x00003761   Thumb Code   166  gps.o(i.printGpsBuffer)
    read_button_pin                          0x0000389d   Thumb Code    44  main.o(i.read_button_pin)
    shake_ReadBit                            0x000038d1   Thumb Code    22  shake.o(i.shake_ReadBit)
    shake_init                               0x000038ed   Thumb Code    60  shake.o(i.shake_init)
    OLED_F8x16                               0x0000392c   Data        1520  oled.o(.constdata)
    CN16_Msk                                 0x00003f1c   Data         340  oled.o(.constdata)
    __ctype_categories                       0x00004070   Data          64  ctype_c.o(.constdata)
    Region$$Table$$Base                      0x000040f8   Number         0  anon$$obj.o(Region$$Table)
    Region$$Table$$Limit                     0x00004118   Number         0  anon$$obj.o(Region$$Table)
    f_ready                                  0x20000000   Data           1  main.o(.data)
    f_issafe                                 0x20000001   Data           1  main.o(.data)
    f_jiaShiWeiIsYouRen                      0x20000002   Data           1  main.o(.data)
    f_houPaiIsYouRen                         0x20000003   Data           1  main.o(.data)
    f_isshake                                0x20000004   Data           1  main.o(.data)
    OLED_PAGE                                0x20000005   Data           1  main.o(.data)
    signal_break                             0x20000006   Data           1  main.o(.data)
    shake_threshold                          0x20000007   Data           1  main.o(.data)
    cter                                     0x20000008   Data           1  main.o(.data)
    shake_counter                            0x2000000a   Data           2  main.o(.data)
    co2_threshold                            0x2000000c   Data           2  main.o(.data)
    SYS_TICKS                                0x20000014   Data           4  main.o(.data)
    shake_frequency                          0x20000018   Data           4  main.o(.data)
    temp_threshold                           0x2000001c   Data           4  main.o(.data)
    point1                                   0x20000028   Data           2  usart.o(.data)
    T_H                                      0x2000002a   Data           1  dht11.o(.data)
    T_L                                      0x2000002b   Data           1  dht11.o(.data)
    H_H                                      0x2000002c   Data           1  dht11.o(.data)
    H_L                                      0x2000002d   Data           1  dht11.o(.data)
    temp_H                                   0x2000002e   Data           1  dht11.o(.data)
    temp_L                                   0x2000002f   Data           1  dht11.o(.data)
    humi_H                                   0x20000030   Data           1  dht11.o(.data)
    humi_L                                   0x20000031   Data           1  dht11.o(.data)
    checkdata                                0x20000032   Data           1  dht11.o(.data)
    co2_concentration                        0x20000036   Data           2  jw01.o(.data)
    f_USR1RXSTATUS                           0x20000040   Data           1  gps.o(.data)
    G_latDecimal                             0x20000044   Data           4  gps.o(.data)
    G_longDecimal                            0x20000048   Data           4  gps.o(.data)
    k                                        0x20000054   Data           4  gsm.o(.data)
    j                                        0x20000058   Data           4  gsm.o(.data)
    gsm_flag1                                0x2000005c   Data           4  gsm.o(.data)
    gsm_flag2                                0x20000060   Data           4  gsm.o(.data)
    str1                                     0x20000064   Data         256  gsm.o(.data)
    SystemCoreClock                          0x20000164   Data           4  system_ht32f5xxxx_01.o(.data)
    button1                                  0x20000168   Data          44  main.o(.bss)
    button2                                  0x20000194   Data          44  main.o(.bss)
    button3                                  0x200001c0   Data          44  main.o(.bss)
    Save_Data                                0x200001ec   Data         121  usart.o(.bss)
    USART_RX_BUF                             0x20000265   Data         200  usart.o(.bss)
    __HT_check_sp                            0x20000330   Data           0  startup_ht32f5xxxx_01.o(STACK)
    __initial_sp                             0x20000530   Data           0  startup_ht32f5xxxx_01.o(STACK)



==============================================================================

Memory Map of the image

  Image Entry point : 0x000000c1

  Load Region LR_IROM1 (Base: 0x00000000, Size: 0x00004280, Max: 0x0001fe00, ABSOLUTE, COMPRESSED[0x000041cc])

    Execution Region ER_IROM1 (Exec base: 0x00000000, Load base: 0x00000000, Size: 0x00004118, Max: 0x0001fe00, ABSOLUTE)

    Exec Addr    Load Addr    Size         Type   Attr      Idx    E Section Name        Object

    0x00000000   0x00000000   0x0000011c   Code   RO         1103  * RESET               startup_ht32f5xxxx_01.o
    0x0000011c   0x0000011c   0x00000000   Code   RO         4486  * .ARM.Collect$$$$00000000  mc_p.l(entry.o)
    0x0000011c   0x0000011c   0x00000004   Code   RO         4782    .ARM.Collect$$$$00000001  mc_p.l(entry2.o)
    0x00000120   0x00000120   0x00000004   Code   RO         4785    .ARM.Collect$$$$00000004  mc_p.l(entry5.o)
    0x00000124   0x00000124   0x00000000   Code   RO         4787    .ARM.Collect$$$$00000008  mc_p.l(entry7b.o)
    0x00000124   0x00000124   0x00000000   Code   RO         4789    .ARM.Collect$$$$0000000A  mc_p.l(entry8b.o)
    0x00000124   0x00000124   0x00000008   Code   RO         4790    .ARM.Collect$$$$0000000B  mc_p.l(entry9a.o)
    0x0000012c   0x0000012c   0x00000000   Code   RO         4792    .ARM.Collect$$$$0000000D  mc_p.l(entry10a.o)
    0x0000012c   0x0000012c   0x00000000   Code   RO         4794    .ARM.Collect$$$$0000000F  mc_p.l(entry11a.o)
    0x0000012c   0x0000012c   0x00000004   Code   RO         4783    .ARM.Collect$$$$00002712  mc_p.l(entry2.o)
    0x00000130   0x00000130   0x0000002c   Code   RO         4489    .text               mc_p.l(uidiv.o)
    0x0000015c   0x0000015c   0x00000024   Code   RO         4491    .text               mc_p.l(memcpya.o)
    0x00000180   0x00000180   0x00000024   Code   RO         4493    .text               mc_p.l(memseta.o)
    0x000001a4   0x000001a4   0x00000028   Code   RO         4495    .text               mc_p.l(strstr.o)
    0x000001cc   0x000001cc   0x0000000e   Code   RO         4497    .text               mc_p.l(strlen.o)
    0x000001da   0x000001da   0x00000002   PAD
    0x000001dc   0x000001dc   0x0000003c   Code   RO         4762    .text               mc_p.l(__0sscanf.o)
    0x00000218   0x00000218   0x00000374   Code   RO         4764    .text               mc_p.l(scanf_fp.o)
    0x0000058c   0x0000058c   0x000000b2   Code   RO         4768    .text               mf_p.l(fadd.o)
    0x0000063e   0x0000063e   0x0000007c   Code   RO         4770    .text               mf_p.l(fdiv.o)
    0x000006ba   0x000006ba   0x0000000e   Code   RO         4772    .text               mf_p.l(ffltui.o)
    0x000006c8   0x000006c8   0x00000028   Code   RO         4774    .text               mf_p.l(ffixui.o)
    0x000006f0   0x000006f0   0x00000028   Code   RO         4776    .text               mf_p.l(f2d.o)
    0x00000718   0x00000718   0x00000014   Code   RO         4778    .text               mf_p.l(cfcmple.o)
    0x0000072c   0x0000072c   0x00000014   Code   RO         4780    .text               mf_p.l(cfrcmple.o)
    0x00000740   0x00000740   0x00000060   Code   RO         4799    .text               mc_p.l(uldiv.o)
    0x000007a0   0x000007a0   0x0000007a   Code   RO         4801    .text               mc_p.l(llmul.o)
    0x0000081a   0x0000081a   0x00000002   PAD
    0x0000081c   0x0000081c   0x0000002c   Code   RO         4803    .text               mc_p.l(scanf_char.o)
    0x00000848   0x00000848   0x00000044   Code   RO         4805    .text               mc_p.l(_sgetc.o)
    0x0000088c   0x0000088c   0x00000000   Code   RO         4807    .text               mc_p.l(iusefp.o)
    0x0000088c   0x0000088c   0x00000082   Code   RO         4808    .text               mf_p.l(fepilogue.o)
    0x0000090e   0x0000090e   0x00000002   PAD
    0x00000910   0x00000910   0x00000164   Code   RO         4810    .text               mf_p.l(dadd.o)
    0x00000a74   0x00000a74   0x000000d0   Code   RO         4812    .text               mf_p.l(dmul.o)
    0x00000b44   0x00000b44   0x000000f0   Code   RO         4814    .text               mf_p.l(ddiv.o)
    0x00000c34   0x00000c34   0x0000001c   Code   RO         4816    .text               mf_p.l(dfltul.o)
    0x00000c50   0x00000c50   0x00000040   Code   RO         4818    .text               mf_p.l(dfixul.o)
    0x00000c90   0x00000c90   0x00000028   Code   RO         4820    .text               mf_p.l(cdrcmple.o)
    0x00000cb8   0x00000cb8   0x00000038   Code   RO         4822    .text               mf_p.l(d2f.o)
    0x00000cf0   0x00000cf0   0x00000024   Code   RO         4824    .text               mc_p.l(init.o)
    0x00000d14   0x00000d14   0x00000020   Code   RO         4827    .text               mc_p.l(llshl.o)
    0x00000d34   0x00000d34   0x00000022   Code   RO         4829    .text               mc_p.l(llushr.o)
    0x00000d56   0x00000d56   0x00000026   Code   RO         4831    .text               mc_p.l(llsshr.o)
    0x00000d7c   0x00000d7c   0x0000000e   Code   RO         4833    .text               mc_p.l(isspace_c.o)
    0x00000d8a   0x00000d8a   0x00000002   PAD
    0x00000d8c   0x00000d8c   0x00000338   Code   RO         4835    .text               mc_p.l(_scanf.o)
    0x000010c4   0x000010c4   0x000000be   Code   RO         4838    .text               mf_p.l(depilogue.o)
    0x00001182   0x00001182   0x00000002   PAD
    0x00001184   0x00001184   0x00000024   Code   RO         4842    .text               mc_p.l(ctype_c.o)
    0x000011a8   0x000011a8   0x00000056   Code   RO         4853    .text               mc_p.l(__dczerorl2.o)
    0x000011fe   0x000011fe   0x00000002   PAD
    0x00001200   0x00001200   0x00000058   Code   RO         2458    i.AFIO_GPxConfig    ht32f5xxxx_gpio.o
    0x00001258   0x00001258   0x00000070   Code   RO            3    i.BFTM1_IRQHandler  main.o
    0x000012c8   0x000012c8   0x0000000e   Code   RO         1803    i.BFTM_ClearFlag    ht32f5xxxx_bftm.o
    0x000012d6   0x000012d6   0x00000012   Code   RO         1805    i.BFTM_EnaCmd       ht32f5xxxx_bftm.o
    0x000012e8   0x000012e8   0x0000000a   Code   RO         1808    i.BFTM_GetFlagStatus  ht32f5xxxx_bftm.o
    0x000012f2   0x000012f2   0x00000014   Code   RO         1809    i.BFTM_IntConfig    ht32f5xxxx_bftm.o
    0x00001306   0x00001306   0x00000004   Code   RO         1811    i.BFTM_SetCompare   ht32f5xxxx_bftm.o
    0x0000130a   0x0000130a   0x00000004   Code   RO         1812    i.BFTM_SetCounter   ht32f5xxxx_bftm.o
    0x0000130e   0x0000130e   0x00000002   PAD
    0x00001310   0x00001310   0x00000034   Code   RO            4    i.BTN1_PRESS_DOWN_Handler  main.o
    0x00001344   0x00001344   0x00000040   Code   RO            5    i.BTN2_PRESS_DOWN_Handler  main.o
    0x00001384   0x00001384   0x00000044   Code   RO            6    i.BTN3_LONG_PRESS_START_Handler  main.o
    0x000013c8   0x000013c8   0x00000078   Code   RO            7    i.Button_ALL_Init   main.o
    0x00001440   0x00001440   0x00000040   Code   RO          883    i.Buzzer_Init       buzzer.o
    0x00001480   0x00001480   0x00000038   Code   RO          884    i.Buzzer_on         buzzer.o
    0x000014b8   0x000014b8   0x0000006c   Code   RO         1886    i.CKCU_GetClocksFrequency  ht32f5xxxx_ckcu.o
    0x00001524   0x00001524   0x0000003c   Code   RO         1888    i.CKCU_GetPLLFrequency  ht32f5xxxx_ckcu.o
    0x00001560   0x00001560   0x00000034   Code   RO         1889    i.CKCU_GetPeripFrequency  ht32f5xxxx_ckcu.o
    0x00001594   0x00001594   0x00000028   Code   RO         1904    i.CKCU_PeripClockConfig  ht32f5xxxx_ckcu.o
    0x000015bc   0x000015bc   0x0000001c   Code   RO          350    i.CLR_Buf           usart.o
    0x000015d8   0x000015d8   0x00000040   Code   RO          909    i.Fan_Init          fan.o
    0x00001618   0x00001618   0x00000004   Code   RO         2459    i.GPIO_ClearOutBits  ht32f5xxxx_gpio.o
    0x0000161c   0x0000161c   0x00000040   Code   RO          579    i.GPIO_Configuration  led.o
    0x0000165c   0x0000165c   0x00000010   Code   RO         2461    i.GPIO_DirectionConfig  ht32f5xxxx_gpio.o
    0x0000166c   0x0000166c   0x00000010   Code   RO         2465    i.GPIO_InputConfig  ht32f5xxxx_gpio.o
    0x0000167c   0x0000167c   0x00000010   Code   RO         2468    i.GPIO_OpenDrainConfig  ht32f5xxxx_gpio.o
    0x0000168c   0x0000168c   0x0000002a   Code   RO         2470    i.GPIO_PullResistorConfig  ht32f5xxxx_gpio.o
    0x000016b6   0x000016b6   0x0000000a   Code   RO         2471    i.GPIO_ReadInBit    ht32f5xxxx_gpio.o
    0x000016c0   0x000016c0   0x00000004   Code   RO         2475    i.GPIO_SetOutBits   ht32f5xxxx_gpio.o
    0x000016c4   0x000016c4   0x0000000c   Code   RO         2476    i.GPIO_WriteOutBits  ht32f5xxxx_gpio.o
    0x000016d0   0x000016d0   0x00000010   Code   RO          301    i.HardFault_Handler  ht32f5xxxx_01_it.o
    0x000016e0   0x000016e0   0x00000038   Code   RO          854    i.Infrared_Init     infrared.o
    0x00001718   0x00001718   0x00000054   Code   RO          747    i.Key_Init          key.o
    0x0000176c   0x0000176c   0x00000002   Code   RO          302    i.NMI_Handler       ht32f5xxxx_01_it.o
    0x0000176e   0x0000176e   0x00000026   Code   RO          608    i.OLED_Clear        oled.o
    0x00001794   0x00001794   0x00000080   Code   RO          609    i.OLED_I2C_Init     oled.o
    0x00001814   0x00001814   0x00000058   Code   RO          610    i.OLED_I2C_SendByte  oled.o
    0x0000186c   0x0000186c   0x00000034   Code   RO          611    i.OLED_I2C_Start    oled.o
    0x000018a0   0x000018a0   0x0000002c   Code   RO          612    i.OLED_I2C_Stop     oled.o
    0x000018cc   0x000018cc   0x000000aa   Code   RO          613    i.OLED_Init         oled.o
    0x00001976   0x00001976   0x0000000e   Code   RO          614    i.OLED_Pow          oled.o
    0x00001984   0x00001984   0x000000b0   Code   RO          615    i.OLED_Print        oled.o
    0x00001a34   0x00001a34   0x00000060   Code   RO          616    i.OLED_Print_char   oled.o
    0x00001a94   0x00001a94   0x0000001e   Code   RO          617    i.OLED_SetCursor    oled.o
    0x00001ab2   0x00001ab2   0x00000002   PAD
    0x00001ab4   0x00001ab4   0x00000170   Code   RO            8    i.OLED_Show         main.o
    0x00001c24   0x00001c24   0x0000005c   Code   RO          619    i.OLED_ShowChar     oled.o
    0x00001c80   0x00001c80   0x00000040   Code   RO          621    i.OLED_ShowNum      oled.o
    0x00001cc0   0x00001cc0   0x00000022   Code   RO          623    i.OLED_ShowString   oled.o
    0x00001ce2   0x00001ce2   0x00000020   Code   RO          625    i.OLED_WriteCommand  oled.o
    0x00001d02   0x00001d02   0x00000020   Code   RO          626    i.OLED_WriteData    oled.o
    0x00001d22   0x00001d22   0x00000002   PAD
    0x00001d24   0x00001d24   0x0000002c   Code   RO          627    i.OLED_turn         oled.o
    0x00001d50   0x00001d50   0x00000002   Code   RO          303    i.PendSV_Handler    ht32f5xxxx_01_it.o
    0x00001d52   0x00001d52   0x00000002   PAD
    0x00001d54   0x00001d54   0x00000028   Code   RO         3204    i.RSTCU_PeripReset  ht32f5xxxx_rstcu.o
    0x00001d7c   0x00001d7c   0x00000002   Code   RO          304    i.SVC_Handler       ht32f5xxxx_01_it.o
    0x00001d7e   0x00001d7e   0x00000002   PAD
    0x00001d80   0x00001d80   0x00000018   Code   RO         1600    i.SYSTICK_ClockSourceConfig  ht32_cm0plus_misc.o
    0x00001d98   0x00001d98   0x00000024   Code   RO         1601    i.SYSTICK_CounterCmd  ht32_cm0plus_misc.o
    0x00001dbc   0x00001dbc   0x00000018   Code   RO         1602    i.SYSTICK_IntConfig  ht32_cm0plus_misc.o
    0x00001dd4   0x00001dd4   0x0000000c   Code   RO         1603    i.SYSTICK_SetReloadValue  ht32_cm0plus_misc.o
    0x00001de0   0x00001de0   0x00000002   Code   RO          305    i.SysTick_Handler   ht32f5xxxx_01_it.o
    0x00001de2   0x00001de2   0x00000002   PAD
    0x00001de4   0x00001de4   0x000000fc   Code   RO         1072    i.SystemInit        system_ht32f5xxxx_01.o
    0x00001ee0   0x00001ee0   0x00000054   Code   RO          834    i.Timer_Init        timer.o
    0x00001f34   0x00001f34   0x00000080   Code   RO          352    i.USART0_IRQHandler  usart.o
    0x00001fb4   0x00001fb4   0x00000090   Code   RO          497    i.USART1_IRQHandler  jw01.o
    0x00002044   0x00002044   0x000000f4   Code   RO          355    i.USART_Configuration  usart.o
    0x00002138   0x00002138   0x0000000a   Code   RO         3946    i.USART_GetFlagStatus  ht32f5xxxx_usart.o
    0x00002142   0x00002142   0x00000002   PAD
    0x00002144   0x00002144   0x00000084   Code   RO         3949    i.USART_Init        ht32f5xxxx_usart.o
    0x000021c8   0x000021c8   0x00000010   Code   RO         3950    i.USART_IntConfig   ht32f5xxxx_usart.o
    0x000021d8   0x000021d8   0x0000003e   Code   RO          356    i.USART_Printf      usart.o
    0x00002216   0x00002216   0x00000006   Code   RO         3959    i.USART_ReceiveData  ht32f5xxxx_usart.o
    0x0000221c   0x0000221c   0x00000004   Code   RO         3960    i.USART_SendData    ht32f5xxxx_usart.o
    0x00002220   0x00002220   0x00000014   Code   RO         3970    i.USART_TXRXTLConfig  ht32f5xxxx_usart.o
    0x00002234   0x00002234   0x00000014   Code   RO         3971    i.USART_TxRxCmd     ht32f5xxxx_usart.o
    0x00002248   0x00002248   0x0000001c   Code   RO          357    i.Usart_SendStr     usart.o
    0x00002264   0x00002264   0x00000016   Code   RO          358    i.Usart_Sendbyte    usart.o
    0x0000227a   0x0000227a   0x00000002   PAD
    0x0000227c   0x0000227c   0x0000001c   Code   RO         4381    i.WDT_Cmd           ht32f5xxxx_wdt.o
    0x00002298   0x00002298   0x0000003a   Code   RO         1051    i.WDT_Configuration  wdt.o
    0x000022d2   0x000022d2   0x00000010   Code   RO         4382    i.WDT_DeInit        ht32f5xxxx_wdt.o
    0x000022e2   0x000022e2   0x00000002   PAD
    0x000022e4   0x000022e4   0x0000001c   Code   RO         4389    i.WDT_ProtectCmd    ht32f5xxxx_wdt.o
    0x00002300   0x00002300   0x0000001c   Code   RO         4390    i.WDT_ResetCmd      ht32f5xxxx_wdt.o
    0x0000231c   0x0000231c   0x00000010   Code   RO         4391    i.WDT_Restart       ht32f5xxxx_wdt.o
    0x0000232c   0x0000232c   0x00000014   Code   RO         4393    i.WDT_SetPrescaler  ht32f5xxxx_wdt.o
    0x00002340   0x00002340   0x00000014   Code   RO         4394    i.WDT_SetReloadValue  ht32f5xxxx_wdt.o
    0x00002354   0x00002354   0x00000028   Code   RO         4736    i.__0sprintf        mc_p.l(printfa.o)
    0x0000237c   0x0000237c   0x00000024   Code   RO         4740    i.__0vsprintf       mc_p.l(printfa.o)
    0x000023a0   0x000023a0   0x0000002e   Code   RO         4840    i.__ARM_clz         mf_p.l(depilogue.o)
    0x000023ce   0x000023ce   0x0000001a   Code   RO          571    i.__ARM_common_switch8  gps.o
    0x000023e8   0x000023e8   0x0000000e   Code   RO         4847    i.__scatterload_copy  mc_p.l(handlers.o)
    0x000023f6   0x000023f6   0x00000002   Code   RO         4848    i.__scatterload_null  mc_p.l(handlers.o)
    0x000023f8   0x000023f8   0x0000000e   Code   RO         4849    i.__scatterload_zeroinit  mc_p.l(handlers.o)
    0x00002406   0x00002406   0x00000002   PAD
    0x00002408   0x00002408   0x00000174   Code   RO         4741    i._fp_digits        mc_p.l(printfa.o)
    0x0000257c   0x0000257c   0x0000000e   Code   RO         4766    i._is_digit         mc_p.l(scanf_fp.o)
    0x0000258a   0x0000258a   0x00000002   PAD
    0x0000258c   0x0000258c   0x000006ec   Code   RO         4742    i._printf_core      mc_p.l(printfa.o)
    0x00002c78   0x00002c78   0x00000020   Code   RO         4743    i._printf_post_padding  mc_p.l(printfa.o)
    0x00002c98   0x00002c98   0x0000002c   Code   RO         4744    i._printf_pre_padding  mc_p.l(printfa.o)
    0x00002cc4   0x00002cc4   0x0000000a   Code   RO         4746    i._sputc            mc_p.l(printfa.o)
    0x00002cce   0x00002cce   0x00000008   Code   RO          767    i.button_attach     multi_button.o
    0x00002cd6   0x00002cd6   0x000001c2   Code   RO          768    i.button_handler    multi_button.o
    0x00002e98   0x00002e98   0x0000003a   Code   RO          769    i.button_init       multi_button.o
    0x00002ed2   0x00002ed2   0x00000002   PAD
    0x00002ed4   0x00002ed4   0x00000024   Code   RO          770    i.button_start      multi_button.o
    0x00002ef8   0x00002ef8   0x0000001c   Code   RO          772    i.button_ticks      multi_button.o
    0x00002f14   0x00002f14   0x0000003c   Code   RO            9    i.calculate_shake_frequency  main.o
    0x00002f50   0x00002f50   0x00000044   Code   RO          359    i.clrStruct         usart.o
    0x00002f94   0x00002f94   0x00000038   Code   RO          525    i.convertToDecimalDegrees  gps.o
    0x00002fcc   0x00002fcc   0x0000001c   Code   RO         1019    i.delay_ms          delay.o
    0x00002fe8   0x00002fe8   0x0000005c   Code   RO         1021    i.delay_us          delay.o
    0x00003044   0x00003044   0x000000a8   Code   RO          441    i.dou_dht11_get_data  dht11.o
    0x000030ec   0x000030ec   0x00000018   Code   RO          442    i.dou_dht11_get_databit  dht11.o
    0x00003104   0x00003104   0x00000030   Code   RO          443    i.dou_dht11_init    dht11.o
    0x00003134   0x00003134   0x00000020   Code   RO          444    i.dou_dht11_pinset_out  dht11.o
    0x00003154   0x00003154   0x00000038   Code   RO          445    i.dou_dht11_read_byte  dht11.o
    0x0000318c   0x0000318c   0x0000001c   Code   RO          446    i.dou_dht11_set_databit  dht11.o
    0x000031a8   0x000031a8   0x00000024   Code   RO          526    i.errorLog          gps.o
    0x000031cc   0x000031cc   0x000000e4   Code   RO          958    i.gsm_send1         gsm.o
    0x000032b0   0x000032b0   0x00000018   Code   RO          855    i.infrared_test     infrared.o
    0x000032c8   0x000032c8   0x00000038   Code   RO           10    i.linaggedeng_Init  main.o
    0x00003300   0x00003300   0x000002dc   Code   RO           11    i.main              main.o
    0x000035dc   0x000035dc   0x000000ec   Code   RO          527    i.parseGpsBuffer    gps.o
    0x000036c8   0x000036c8   0x00000098   Code   RO          528    i.printConvertedCoordinates  gps.o
    0x00003760   0x00003760   0x0000013c   Code   RO          529    i.printGpsBuffer    gps.o
    0x0000389c   0x0000389c   0x00000034   Code   RO           13    i.read_button_pin   main.o
    0x000038d0   0x000038d0   0x0000001c   Code   RO          929    i.shake_ReadBit     shake.o
    0x000038ec   0x000038ec   0x00000040   Code   RO          930    i.shake_init        shake.o
    0x0000392c   0x0000392c   0x00000744   Data   RO          628    .constdata          oled.o
    0x00004070   0x00004070   0x00000040   Data   RO         4843    .constdata          mc_p.l(ctype_c.o)
    0x000040b0   0x000040b0   0x00000045   Data   RO          498    .conststring        jw01.o
    0x000040f5   0x000040f5   0x00000003   PAD
    0x000040f8   0x000040f8   0x00000020   Data   RO         4845    Region$$Table       anon$$obj.o


    Execution Region RW_IRAM1 (Exec base: 0x20000000, Load base: 0x00004118, Size: 0x00000530, Max: 0x00004000, ABSOLUTE, COMPRESSED[0x000000b4])

    Exec Addr    Load Addr    Size         Type   Attr      Idx    E Section Name        Object

    0x20000000   COMPRESSED   0x00000024   Data   RW           15    .data               main.o
    0x20000024   COMPRESSED   0x00000004   Data   RW          306    .data               ht32f5xxxx_01_it.o
    0x20000028   COMPRESSED   0x00000002   Data   RW          361    .data               usart.o
    0x2000002a   COMPRESSED   0x00000009   Data   RW          447    .data               dht11.o
    0x20000033   COMPRESSED   0x00000001   PAD
    0x20000034   COMPRESSED   0x0000000a   Data   RW          499    .data               jw01.o
    0x2000003e   COMPRESSED   0x00000002   PAD
    0x20000040   COMPRESSED   0x0000000c   Data   RW          530    .data               gps.o
    0x2000004c   COMPRESSED   0x00000001   Data   RW          629    .data               oled.o
    0x2000004d   COMPRESSED   0x00000003   PAD
    0x20000050   COMPRESSED   0x00000004   Data   RW          774    .data               multi_button.o
    0x20000054   COMPRESSED   0x00000110   Data   RW          960    .data               gsm.o
    0x20000164   COMPRESSED   0x00000004   Data   RW         1073    .data               system_ht32f5xxxx_01.o
    0x20000168        -       0x00000084   Zero   RW           14    .bss                main.o
    0x200001ec        -       0x00000141   Zero   RW          360    .bss                usart.o
    0x2000032d   COMPRESSED   0x00000003   PAD
    0x20000330        -       0x00000200   Zero   RW         1101    STACK               startup_ht32f5xxxx_01.o


==============================================================================

Image component sizes


      Code (inc. data)   RO Data    RW Data    ZI Data      Debug   Object Name

       120         10          0          0          0       1094   buzzer.o
       120         14          0          0          0       1442   delay.o
       356         30          0          9          0       4176   dht11.o
        64          4          0          0          0        491   fan.o
       822        256          0         12          0       4167   gps.o
       228        156          0        272          0       1203   gsm.o
        96         18          0          0          0       2350   ht32_cm0plus_misc.o
        24          6          0          4          0       2211   ht32f5xxxx_01_it.o
        70          0          0          0          0       3845   ht32f5xxxx_bftm.o
       260         40          0          0          0       5484   ht32f5xxxx_ckcu.o
       208          6          0          0          0      11575   ht32f5xxxx_gpio.o
        40          6          0          0          0       2747   ht32f5xxxx_rstcu.o
       208         18          0          0          0      12815   ht32f5xxxx_usart.o
       156         42          0          0          0       3773   ht32f5xxxx_wdt.o
        80         12          0          0          0       7688   infrared.o
       144         14         69         10          0       1308   jw01.o
        84         14          0          0          0        803   key.o
        64          4          0          0          0        525   led.o
      1684        428          0         36        132      50212   main.o
       580         18          0          4          0       4640   multi_button.o
      1134         38       1860          1          0      10987   oled.o
        92         10          0          0          0       1057   shake.o
       284        216          0          0        512        692   startup_ht32f5xxxx_01.o
       252         20          0          4          0       1955   system_ht32f5xxxx_01.o
        84         12          0          0          0        581   timer.o
       580         36          0          2        321      12282   usart.o
        58          0          0          0          0        500   wdt.o

    ----------------------------------------------------------------------
      7912       1428       1964        360        968     150603   Object Totals
         0          0         32          0          0          0   (incl. Generated)
        20          0          3          6          3          0   (incl. Padding)

    ----------------------------------------------------------------------

      Code (inc. data)   RO Data    RW Data    ZI Data      Debug   Library Member Name

        60         10          0          0          0         84   __0sscanf.o
        86          0          0          0          0          0   __dczerorl2.o
       824         12          0          0          0         84   _scanf.o
        68          0          0          0          0         76   _sgetc.o
        36          4         64          0          0         60   ctype_c.o
         0          0          0          0          0          0   entry.o
         0          0          0          0          0          0   entry10a.o
         0          0          0          0          0          0   entry11a.o
         8          4          0          0          0          0   entry2.o
         4          0          0          0          0          0   entry5.o
         0          0          0          0          0          0   entry7b.o
         0          0          0          0          0          0   entry8b.o
         8          4          0          0          0          0   entry9a.o
        30          0          0          0          0          0   handlers.o
        36          8          0          0          0         68   init.o
        14          0          0          0          0         68   isspace_c.o
         0          0          0          0          0          0   iusefp.o
       122          0          0          0          0         84   llmul.o
        32          0          0          0          0         68   llshl.o
        38          0          0          0          0         68   llsshr.o
        34          0          0          0          0         68   llushr.o
        36          0          0          0          0         60   memcpya.o
        36          0          0          0          0        100   memseta.o
      2306        100          0          0          0        544   printfa.o
        44          8          0          0          0         84   scanf_char.o
       898         12          0          0          0        184   scanf_fp.o
        14          0          0          0          0         60   strlen.o
        40          0          0          0          0         72   strstr.o
        44          0          0          0          0         72   uidiv.o
        96          0          0          0          0         84   uldiv.o
        40          2          0          0          0         68   cdrcmple.o
        20          0          0          0          0         68   cfcmple.o
        20          0          0          0          0         68   cfrcmple.o
        56          0          0          0          0         68   d2f.o
       356          4          0          0          0        140   dadd.o
       240          6          0          0          0         84   ddiv.o
       236          0          0          0          0        216   depilogue.o
        64         10          0          0          0         68   dfixul.o
        28          6          0          0          0         68   dfltul.o
       208          6          0          0          0         88   dmul.o
        40          0          0          0          0         60   f2d.o
       178          0          0          0          0        108   fadd.o
       124          0          0          0          0         72   fdiv.o
       130          0          0          0          0        144   fepilogue.o
        40          0          0          0          0         60   ffixui.o
        14          0          0          0          0         68   ffltui.o

    ----------------------------------------------------------------------
      6724        196         64          0          0       3436   Library Totals
        16          0          0          0          0          0   (incl. Padding)

    ----------------------------------------------------------------------

      Code (inc. data)   RO Data    RW Data    ZI Data      Debug   Library Name

      4914        162         64          0          0       1988   mc_p.l
      1794         34          0          0          0       1448   mf_p.l

    ----------------------------------------------------------------------
      6724        196         64          0          0       3436   Library Totals

    ----------------------------------------------------------------------

==============================================================================


      Code (inc. data)   RO Data    RW Data    ZI Data      Debug   

     14636       1624       2028        360        968     147771   Grand Totals
     14636       1624       2028        180        968     147771   ELF Image Totals (compressed)
     14636       1624       2028        180          0          0   ROM Totals

==============================================================================

    Total RO  Size (Code + RO Data)                16664 (  16.27kB)
    Total RW  Size (RW Data + ZI Data)              1328 (   1.30kB)
    Total ROM Size (Code + RO Data + RW Data)      16844 (  16.45kB)

==============================================================================

